<?xml version="1.0" encoding="ISO-8859-1" ?>
<link_info>
   <banner>TMS320C2000 Linker PC v22.6.1.LTS</banner>
   <copyright>Copyright (c) 1996-2018 Texas Instruments Incorporated</copyright>
   <link_time>0x675ace20</link_time>
   <link_errors>0x0</link_errors>
   <output_file>adc_ex1_soc_epwm.out</output_file>
   <entry_point>
      <name>code_start</name>
      <address>0x0</address>
   </entry_point>
   <input_file_list>
      <input_file id="fl-2">
         <path>.\</path>
         <kind>object</kind>
         <file>adc_ex1_soc_epwm.obj</file>
         <name>adc_ex1_soc_epwm.obj</name>
      </input_file>
      <input_file id="fl-3">
         <path>.\</path>
         <kind>object</kind>
         <file>f280013x_adc.obj</file>
         <name>f280013x_adc.obj</name>
      </input_file>
      <input_file id="fl-4">
         <path>.\</path>
         <kind>object</kind>
         <file>f280013x_codestartbranch.obj</file>
         <name>f280013x_codestartbranch.obj</name>
      </input_file>
      <input_file id="fl-5">
         <path>.\</path>
         <kind>object</kind>
         <file>f280013x_cputimers.obj</file>
         <name>f280013x_cputimers.obj</name>
      </input_file>
      <input_file id="fl-6">
         <path>.\</path>
         <kind>object</kind>
         <file>f280013x_defaultisr.obj</file>
         <name>f280013x_defaultisr.obj</name>
      </input_file>
      <input_file id="fl-7">
         <path>.\</path>
         <kind>object</kind>
         <file>f280013x_epwm.obj</file>
         <name>f280013x_epwm.obj</name>
      </input_file>
      <input_file id="fl-8">
         <path>.\</path>
         <kind>object</kind>
         <file>f280013x_globalvariabledefs.obj</file>
         <name>f280013x_globalvariabledefs.obj</name>
      </input_file>
      <input_file id="fl-9">
         <path>.\</path>
         <kind>object</kind>
         <file>f280013x_gpio.obj</file>
         <name>f280013x_gpio.obj</name>
      </input_file>
      <input_file id="fl-a">
         <path>.\</path>
         <kind>object</kind>
         <file>f280013x_piectrl.obj</file>
         <name>f280013x_piectrl.obj</name>
      </input_file>
      <input_file id="fl-b">
         <path>.\</path>
         <kind>object</kind>
         <file>f280013x_pievect.obj</file>
         <name>f280013x_pievect.obj</name>
      </input_file>
      <input_file id="fl-c">
         <path>.\</path>
         <kind>object</kind>
         <file>f280013x_sysctrl.obj</file>
         <name>f280013x_sysctrl.obj</name>
      </input_file>
      <input_file id="fl-d">
         <path>.\</path>
         <kind>object</kind>
         <file>f280013x_tempsensorconv.obj</file>
         <name>f280013x_tempsensorconv.obj</name>
      </input_file>
      <input_file id="fl-e">
         <path>.\</path>
         <kind>object</kind>
         <file>f280013x_usdelay.obj</file>
         <name>f280013x_usdelay.obj</name>
      </input_file>
      <input_file id="fl-13">
         <kind>object</kind>
         <file>&lt;internal&gt;</file>
         <name>&lt;internal&gt;</name>
      </input_file>
      <input_file id="fl-1f">
         <path>C:\ti\ccs1271\ccs\tools\compiler\ti-cgt-c2000_22.6.1.LTS\lib\</path>
         <kind>archive</kind>
         <file>rts2800_fpu32_eabi.lib</file>
         <name>boot28.asm.obj</name>
      </input_file>
      <input_file id="fl-20">
         <path>C:\ti\ccs1271\ccs\tools\compiler\ti-cgt-c2000_22.6.1.LTS\lib\</path>
         <kind>archive</kind>
         <file>rts2800_fpu32_eabi.lib</file>
         <name>fs_div28.asm.obj</name>
      </input_file>
      <input_file id="fl-21">
         <path>C:\ti\ccs1271\ccs\tools\compiler\ti-cgt-c2000_22.6.1.LTS\lib\</path>
         <kind>archive</kind>
         <file>rts2800_fpu32_eabi.lib</file>
         <name>l_div28.asm.obj</name>
      </input_file>
      <input_file id="fl-22">
         <path>C:\ti\ccs1271\ccs\tools\compiler\ti-cgt-c2000_22.6.1.LTS\lib\</path>
         <kind>archive</kind>
         <file>rts2800_fpu32_eabi.lib</file>
         <name>pre_init.c.obj</name>
      </input_file>
      <input_file id="fl-23">
         <path>C:\ti\ccs1271\ccs\tools\compiler\ti-cgt-c2000_22.6.1.LTS\lib\</path>
         <kind>archive</kind>
         <file>rts2800_fpu32_eabi.lib</file>
         <name>autoinit.c.obj</name>
      </input_file>
      <input_file id="fl-24">
         <path>C:\ti\ccs1271\ccs\tools\compiler\ti-cgt-c2000_22.6.1.LTS\lib\</path>
         <kind>archive</kind>
         <file>rts2800_fpu32_eabi.lib</file>
         <name>copy_zero_init.c.obj</name>
      </input_file>
      <input_file id="fl-25">
         <path>C:\ti\ccs1271\ccs\tools\compiler\ti-cgt-c2000_22.6.1.LTS\lib\</path>
         <kind>archive</kind>
         <file>rts2800_fpu32_eabi.lib</file>
         <name>copy_decompress_none.c.obj</name>
      </input_file>
      <input_file id="fl-26">
         <path>C:\ti\ccs1271\ccs\tools\compiler\ti-cgt-c2000_22.6.1.LTS\lib\</path>
         <kind>archive</kind>
         <file>rts2800_fpu32_eabi.lib</file>
         <name>copy_decompress_lzss.c.obj</name>
      </input_file>
      <input_file id="fl-27">
         <path>C:\ti\ccs1271\ccs\tools\compiler\ti-cgt-c2000_22.6.1.LTS\lib\</path>
         <kind>archive</kind>
         <file>rts2800_fpu32_eabi.lib</file>
         <name>exit.c.obj</name>
      </input_file>
      <input_file id="fl-28">
         <path>C:\ti\ccs1271\ccs\tools\compiler\ti-cgt-c2000_22.6.1.LTS\lib\</path>
         <kind>archive</kind>
         <file>rts2800_fpu32_eabi.lib</file>
         <name>_lock.c.obj</name>
      </input_file>
      <input_file id="fl-29">
         <path>C:\ti\ccs1271\ccs\tools\compiler\ti-cgt-c2000_22.6.1.LTS\lib\</path>
         <kind>archive</kind>
         <file>rts2800_fpu32_eabi.lib</file>
         <name>args_main.c.obj</name>
      </input_file>
      <input_file id="fl-2a">
         <path>C:\ti\ccs1271\ccs\tools\compiler\ti-cgt-c2000_22.6.1.LTS\lib\</path>
         <kind>archive</kind>
         <file>rts2800_fpu32_eabi.lib</file>
         <name>memset.c.obj</name>
      </input_file>
      <input_file id="fl-2b">
         <path>C:\ti\ccs1271\ccs\tools\compiler\ti-cgt-c2000_22.6.1.LTS\lib\</path>
         <kind>archive</kind>
         <file>rts2800_fpu32_eabi.lib</file>
         <name>cpy_tbl.c.obj</name>
      </input_file>
      <input_file id="fl-2c">
         <path>C:\ti\ccs1271\ccs\tools\compiler\ti-cgt-c2000_22.6.1.LTS\lib\</path>
         <kind>archive</kind>
         <file>rts2800_fpu32_eabi.lib</file>
         <name>memcpy.c.obj</name>
      </input_file>
      <input_file id="fl-2d">
         <path>C:\ti\ccs1271\ccs\tools\compiler\ti-cgt-c2000_22.6.1.LTS\lib\</path>
         <kind>archive</kind>
         <file>rts2800_fpu32_eabi.lib</file>
         <name>startup.c.obj</name>
      </input_file>
   </input_file_list>
   <object_component_list>
      <object_component id="oc-64">
         <name>codestart</name>
         <load_address>0x0</load_address>
         <run_address>0x0</run_address>
         <size>0x2</size>
         <input_file_ref idref="fl-4"/>
      </object_component>
      <object_component id="oc-324">
         <name>.TI.ramfunc</name>
         <load_address>0x128</load_address>
         <run_address>0x128</run_address>
         <size>0x4</size>
         <input_file_ref idref="fl-e"/>
      </object_component>
      <object_component id="oc-305">
         <name>.text:InitSysPll</name>
         <load_address>0x820c</load_address>
         <run_address>0x820c</run_address>
         <size>0xe6</size>
         <input_file_ref idref="fl-c"/>
      </object_component>
      <object_component id="oc-379">
         <name>.text:IsPLLValid</name>
         <load_address>0x82f2</load_address>
         <run_address>0x82f2</run_address>
         <size>0x95</size>
         <input_file_ref idref="fl-c"/>
      </object_component>
      <object_component id="oc-3e7">
         <name>.text</name>
         <load_address>0x8387</load_address>
         <run_address>0x8387</run_address>
         <size>0x88</size>
         <input_file_ref idref="fl-20"/>
      </object_component>
      <object_component id="oc-3ec">
         <name>.text:ComputeCntrSeedValue</name>
         <load_address>0x840f</load_address>
         <run_address>0x840f</run_address>
         <size>0x70</size>
         <input_file_ref idref="fl-c"/>
      </object_component>
      <object_component id="oc-6a">
         <name>.text:main</name>
         <load_address>0x847f</load_address>
         <run_address>0x847f</run_address>
         <size>0x51</size>
         <input_file_ref idref="fl-2"/>
      </object_component>
      <object_component id="oc-30b">
         <name>.text:InitPeripheralClocks</name>
         <load_address>0x84d0</load_address>
         <run_address>0x84d0</run_address>
         <size>0x43</size>
         <input_file_ref idref="fl-c"/>
      </object_component>
      <object_component id="oc-260">
         <name>.text:InitGpio</name>
         <load_address>0x8513</load_address>
         <run_address>0x8513</run_address>
         <size>0x3d</size>
         <input_file_ref idref="fl-9"/>
      </object_component>
      <object_component id="oc-69">
         <name>.text:adcA1ISR</name>
         <load_address>0x8550</load_address>
         <run_address>0x8550</run_address>
         <size>0x35</size>
         <input_file_ref idref="fl-2"/>
      </object_component>
      <object_component id="oc-31e">
         <name>.text:SetVREF</name>
         <load_address>0x8585</load_address>
         <run_address>0x8585</run_address>
         <size>0x34</size>
         <input_file_ref idref="fl-3"/>
      </object_component>
      <object_component id="oc-57">
         <name>.text:decompress:lzss</name>
         <load_address>0x85b9</load_address>
         <run_address>0x85b9</run_address>
         <size>0x30</size>
         <input_file_ref idref="fl-26"/>
      </object_component>
      <object_component id="oc-39c">
         <name>.text:__TI_auto_init_nobinit_nopinit</name>
         <load_address>0x85e9</load_address>
         <run_address>0x85e9</run_address>
         <size>0x2b</size>
         <input_file_ref idref="fl-23"/>
      </object_component>
      <object_component id="oc-350">
         <name>.text</name>
         <load_address>0x8614</load_address>
         <run_address>0x8614</run_address>
         <size>0x29</size>
         <input_file_ref idref="fl-27"/>
      </object_component>
      <object_component id="oc-26c">
         <name>.text:InitPieVectTable</name>
         <load_address>0x863d</load_address>
         <run_address>0x863d</run_address>
         <size>0x25</size>
         <input_file_ref idref="fl-b"/>
      </object_component>
      <object_component id="oc-36d">
         <name>.text:SysXtalOscSel</name>
         <load_address>0x8662</load_address>
         <run_address>0x8662</run_address>
         <size>0x20</size>
         <input_file_ref idref="fl-c"/>
      </object_component>
      <object_component id="oc-266">
         <name>.text:InitPieCtrl</name>
         <load_address>0x8682</load_address>
         <run_address>0x8682</run_address>
         <size>0x1f</size>
         <input_file_ref idref="fl-a"/>
      </object_component>
      <object_component id="oc-231">
         <name>.text</name>
         <load_address>0x86a1</load_address>
         <run_address>0x86a1</run_address>
         <size>0x1d</size>
         <input_file_ref idref="fl-2c"/>
      </object_component>
      <object_component id="oc-3dc">
         <name>.text:PollX1Counter</name>
         <load_address>0x86be</load_address>
         <run_address>0x86be</run_address>
         <size>0x1b</size>
         <input_file_ref idref="fl-c"/>
      </object_component>
      <object_component id="oc-27e">
         <name>.text:initADCSOC</name>
         <load_address>0x86d9</load_address>
         <run_address>0x86d9</run_address>
         <size>0x1b</size>
         <input_file_ref idref="fl-2"/>
      </object_component>
      <object_component id="oc-278">
         <name>.text:initEPWM</name>
         <load_address>0x86f4</load_address>
         <run_address>0x86f4</run_address>
         <size>0x1b</size>
         <input_file_ref idref="fl-2"/>
      </object_component>
      <object_component id="oc-2ee">
         <name>.text</name>
         <load_address>0x870f</load_address>
         <run_address>0x870f</run_address>
         <size>0x17</size>
         <input_file_ref idref="fl-1f"/>
      </object_component>
      <object_component id="oc-272">
         <name>.text:initADC</name>
         <load_address>0x8726</load_address>
         <run_address>0x8726</run_address>
         <size>0x16</size>
         <input_file_ref idref="fl-2"/>
      </object_component>
      <object_component id="oc-373">
         <name>.text:SysXtalOscSESel</name>
         <load_address>0x873c</load_address>
         <run_address>0x873c</run_address>
         <size>0x15</size>
         <input_file_ref idref="fl-c"/>
      </object_component>
      <object_component id="oc-25a">
         <name>.text:InitSysCtrl</name>
         <load_address>0x8751</load_address>
         <run_address>0x8751</run_address>
         <size>0x14</size>
         <input_file_ref idref="fl-c"/>
      </object_component>
      <object_component id="oc-2ff">
         <name>.text:DisableDog</name>
         <load_address>0x8765</load_address>
         <run_address>0x8765</run_address>
         <size>0xd</size>
         <input_file_ref idref="fl-c"/>
      </object_component>
      <object_component id="oc-222">
         <name>.text:EMPTY_ISR</name>
         <load_address>0x8772</load_address>
         <run_address>0x8772</run_address>
         <size>0xd</size>
         <input_file_ref idref="fl-6"/>
      </object_component>
      <object_component id="oc-239">
         <name>.text:decompress:ZI:__TI_zero_init_nomemset</name>
         <load_address>0x877f</load_address>
         <run_address>0x877f</run_address>
         <size>0xd</size>
         <input_file_ref idref="fl-24"/>
      </object_component>
      <object_component id="oc-34a">
         <name>.text</name>
         <load_address>0x878c</load_address>
         <run_address>0x878c</run_address>
         <size>0xc</size>
         <input_file_ref idref="fl-29"/>
      </object_component>
      <object_component id="oc-ea">
         <name>.text:ADCA1_ISR</name>
         <load_address>0x8798</load_address>
         <run_address>0x8798</run_address>
         <size>0xa</size>
         <input_file_ref idref="fl-6"/>
      </object_component>
      <object_component id="oc-1da">
         <name>.text:ADCA2_ISR</name>
         <load_address>0x87a2</load_address>
         <run_address>0x87a2</run_address>
         <size>0xa</size>
         <input_file_ref idref="fl-6"/>
      </object_component>
      <object_component id="oc-1e0">
         <name>.text:ADCA3_ISR</name>
         <load_address>0x87ac</load_address>
         <run_address>0x87ac</run_address>
         <size>0xa</size>
         <input_file_ref idref="fl-6"/>
      </object_component>
      <object_component id="oc-1e6">
         <name>.text:ADCA4_ISR</name>
         <load_address>0x87b6</load_address>
         <run_address>0x87b6</run_address>
         <size>0xa</size>
         <input_file_ref idref="fl-6"/>
      </object_component>
      <object_component id="oc-1d4">
         <name>.text:ADCA_EVT_ISR</name>
         <load_address>0x87c0</load_address>
         <run_address>0x87c0</run_address>
         <size>0xa</size>
         <input_file_ref idref="fl-6"/>
      </object_component>
      <object_component id="oc-f0">
         <name>.text:ADCC1_ISR</name>
         <load_address>0x87ca</load_address>
         <run_address>0x87ca</run_address>
         <size>0xa</size>
         <input_file_ref idref="fl-6"/>
      </object_component>
      <object_component id="oc-1f2">
         <name>.text:ADCC2_ISR</name>
         <load_address>0x87d4</load_address>
         <run_address>0x87d4</run_address>
         <size>0xa</size>
         <input_file_ref idref="fl-6"/>
      </object_component>
      <object_component id="oc-1f8">
         <name>.text:ADCC3_ISR</name>
         <load_address>0x87de</load_address>
         <run_address>0x87de</run_address>
         <size>0xa</size>
         <input_file_ref idref="fl-6"/>
      </object_component>
      <object_component id="oc-1fe">
         <name>.text:ADCC4_ISR</name>
         <load_address>0x87e8</load_address>
         <run_address>0x87e8</run_address>
         <size>0xa</size>
         <input_file_ref idref="fl-6"/>
      </object_component>
      <object_component id="oc-1ec">
         <name>.text:ADCC_EVT_ISR</name>
         <load_address>0x87f2</load_address>
         <run_address>0x87f2</run_address>
         <size>0xa</size>
         <input_file_ref idref="fl-6"/>
      </object_component>
      <object_component id="oc-1c8">
         <name>.text:CANA0_ISR</name>
         <load_address>0x87fc</load_address>
         <run_address>0x87fc</run_address>
         <size>0xa</size>
         <input_file_ref idref="fl-6"/>
      </object_component>
      <object_component id="oc-1ce">
         <name>.text:CANA1_ISR</name>
         <load_address>0x8806</load_address>
         <run_address>0x8806</run_address>
         <size>0xa</size>
         <input_file_ref idref="fl-6"/>
      </object_component>
      <object_component id="oc-84">
         <name>.text:DATALOG_ISR</name>
         <load_address>0x8810</load_address>
         <run_address>0x8810</run_address>
         <size>0xa</size>
         <input_file_ref idref="fl-6"/>
      </object_component>
      <object_component id="oc-186">
         <name>.text:DCC0_ISR</name>
         <load_address>0x881a</load_address>
         <run_address>0x881a</run_address>
         <size>0xa</size>
         <input_file_ref idref="fl-6"/>
      </object_component>
      <object_component id="oc-168">
         <name>.text:ECAP1_ISR</name>
         <load_address>0x8824</load_address>
         <run_address>0x8824</run_address>
         <size>0xa</size>
         <input_file_ref idref="fl-6"/>
      </object_component>
      <object_component id="oc-16e">
         <name>.text:ECAP2_ISR</name>
         <load_address>0x882e</load_address>
         <run_address>0x882e</run_address>
         <size>0xa</size>
         <input_file_ref idref="fl-6"/>
      </object_component>
      <object_component id="oc-90">
         <name>.text:EMU_ISR</name>
         <load_address>0x8838</load_address>
         <run_address>0x8838</run_address>
         <size>0xa</size>
         <input_file_ref idref="fl-6"/>
      </object_component>
      <object_component id="oc-13e">
         <name>.text:EPWM1_ISR</name>
         <load_address>0x8842</load_address>
         <run_address>0x8842</run_address>
         <size>0xa</size>
         <input_file_ref idref="fl-6"/>
      </object_component>
      <object_component id="oc-114">
         <name>.text:EPWM1_TZ_ISR</name>
         <load_address>0x884c</load_address>
         <run_address>0x884c</run_address>
         <size>0xa</size>
         <input_file_ref idref="fl-6"/>
      </object_component>
      <object_component id="oc-144">
         <name>.text:EPWM2_ISR</name>
         <load_address>0x8856</load_address>
         <run_address>0x8856</run_address>
         <size>0xa</size>
         <input_file_ref idref="fl-6"/>
      </object_component>
      <object_component id="oc-11a">
         <name>.text:EPWM2_TZ_ISR</name>
         <load_address>0x8860</load_address>
         <run_address>0x8860</run_address>
         <size>0xa</size>
         <input_file_ref idref="fl-6"/>
      </object_component>
      <object_component id="oc-14a">
         <name>.text:EPWM3_ISR</name>
         <load_address>0x886a</load_address>
         <run_address>0x886a</run_address>
         <size>0xa</size>
         <input_file_ref idref="fl-6"/>
      </object_component>
      <object_component id="oc-120">
         <name>.text:EPWM3_TZ_ISR</name>
         <load_address>0x8874</load_address>
         <run_address>0x8874</run_address>
         <size>0xa</size>
         <input_file_ref idref="fl-6"/>
      </object_component>
      <object_component id="oc-150">
         <name>.text:EPWM4_ISR</name>
         <load_address>0x887e</load_address>
         <run_address>0x887e</run_address>
         <size>0xa</size>
         <input_file_ref idref="fl-6"/>
      </object_component>
      <object_component id="oc-126">
         <name>.text:EPWM4_TZ_ISR</name>
         <load_address>0x8888</load_address>
         <run_address>0x8888</run_address>
         <size>0xa</size>
         <input_file_ref idref="fl-6"/>
      </object_component>
      <object_component id="oc-156">
         <name>.text:EPWM5_ISR</name>
         <load_address>0x8892</load_address>
         <run_address>0x8892</run_address>
         <size>0xa</size>
         <input_file_ref idref="fl-6"/>
      </object_component>
      <object_component id="oc-12c">
         <name>.text:EPWM5_TZ_ISR</name>
         <load_address>0x889c</load_address>
         <run_address>0x889c</run_address>
         <size>0xa</size>
         <input_file_ref idref="fl-6"/>
      </object_component>
      <object_component id="oc-15c">
         <name>.text:EPWM6_ISR</name>
         <load_address>0x88a6</load_address>
         <run_address>0x88a6</run_address>
         <size>0xa</size>
         <input_file_ref idref="fl-6"/>
      </object_component>
      <object_component id="oc-132">
         <name>.text:EPWM6_TZ_ISR</name>
         <load_address>0x88b0</load_address>
         <run_address>0x88b0</run_address>
         <size>0xa</size>
         <input_file_ref idref="fl-6"/>
      </object_component>
      <object_component id="oc-162">
         <name>.text:EPWM7_ISR</name>
         <load_address>0x88ba</load_address>
         <run_address>0x88ba</run_address>
         <size>0xa</size>
         <input_file_ref idref="fl-6"/>
      </object_component>
      <object_component id="oc-138">
         <name>.text:EPWM7_TZ_ISR</name>
         <load_address>0x88c4</load_address>
         <run_address>0x88c4</run_address>
         <size>0xa</size>
         <input_file_ref idref="fl-6"/>
      </object_component>
      <object_component id="oc-174">
         <name>.text:EQEP1_ISR</name>
         <load_address>0x88ce</load_address>
         <run_address>0x88ce</run_address>
         <size>0xa</size>
         <input_file_ref idref="fl-6"/>
      </object_component>
      <object_component id="oc-216">
         <name>.text:FLSS_ISR</name>
         <load_address>0x88d8</load_address>
         <run_address>0x88d8</run_address>
         <size>0xa</size>
         <input_file_ref idref="fl-6"/>
      </object_component>
      <object_component id="oc-192">
         <name>.text:I2CA_FIFO_ISR</name>
         <load_address>0x88e2</load_address>
         <run_address>0x88e2</run_address>
         <size>0xa</size>
         <input_file_ref idref="fl-6"/>
      </object_component>
      <object_component id="oc-18c">
         <name>.text:I2CA_ISR</name>
         <load_address>0x88ec</load_address>
         <run_address>0x88ec</run_address>
         <size>0xa</size>
         <input_file_ref idref="fl-6"/>
      </object_component>
      <object_component id="oc-19e">
         <name>.text:I2CB_FIFO_ISR</name>
         <load_address>0x88f6</load_address>
         <run_address>0x88f6</run_address>
         <size>0xa</size>
         <input_file_ref idref="fl-6"/>
      </object_component>
      <object_component id="oc-198">
         <name>.text:I2CB_ISR</name>
         <load_address>0x8900</load_address>
         <run_address>0x8900</run_address>
         <size>0xa</size>
         <input_file_ref idref="fl-6"/>
      </object_component>
      <object_component id="oc-9c">
         <name>.text:ILLEGAL_ISR</name>
         <load_address>0x890a</load_address>
         <run_address>0x890a</run_address>
         <size>0xa</size>
         <input_file_ref idref="fl-6"/>
      </object_component>
      <object_component id="oc-96">
         <name>.text:NMI_ISR</name>
         <load_address>0x8914</load_address>
         <run_address>0x8914</run_address>
         <size>0xa</size>
         <input_file_ref idref="fl-6"/>
      </object_component>
      <object_component id="oc-228">
         <name>.text:NOTUSED_ISR</name>
         <load_address>0x891e</load_address>
         <run_address>0x891e</run_address>
         <size>0xa</size>
         <input_file_ref idref="fl-6"/>
      </object_component>
      <object_component id="oc-21c">
         <name>.text:PIE_RESERVED_ISR</name>
         <load_address>0x8928</load_address>
         <run_address>0x8928</run_address>
         <size>0xa</size>
         <input_file_ref idref="fl-6"/>
      </object_component>
      <object_component id="oc-8a">
         <name>.text:RTOS_ISR</name>
         <load_address>0x8932</load_address>
         <run_address>0x8932</run_address>
         <size>0xa</size>
         <input_file_ref idref="fl-6"/>
      </object_component>
      <object_component id="oc-1b0">
         <name>.text:SCIA_RX_ISR</name>
         <load_address>0x893c</load_address>
         <run_address>0x893c</run_address>
         <size>0xa</size>
         <input_file_ref idref="fl-6"/>
      </object_component>
      <object_component id="oc-1b6">
         <name>.text:SCIA_TX_ISR</name>
         <load_address>0x8946</load_address>
         <run_address>0x8946</run_address>
         <size>0xa</size>
         <input_file_ref idref="fl-6"/>
      </object_component>
      <object_component id="oc-1bc">
         <name>.text:SCIB_RX_ISR</name>
         <load_address>0x8950</load_address>
         <run_address>0x8950</run_address>
         <size>0xa</size>
         <input_file_ref idref="fl-6"/>
      </object_component>
      <object_component id="oc-1c2">
         <name>.text:SCIB_TX_ISR</name>
         <load_address>0x895a</load_address>
         <run_address>0x895a</run_address>
         <size>0xa</size>
         <input_file_ref idref="fl-6"/>
      </object_component>
      <object_component id="oc-1a4">
         <name>.text:SCIC_RX_ISR</name>
         <load_address>0x8964</load_address>
         <run_address>0x8964</run_address>
         <size>0xa</size>
         <input_file_ref idref="fl-6"/>
      </object_component>
      <object_component id="oc-1aa">
         <name>.text:SCIC_TX_ISR</name>
         <load_address>0x896e</load_address>
         <run_address>0x896e</run_address>
         <size>0xa</size>
         <input_file_ref idref="fl-6"/>
      </object_component>
      <object_component id="oc-17a">
         <name>.text:SPIA_RX_ISR</name>
         <load_address>0x8978</load_address>
         <run_address>0x8978</run_address>
         <size>0xa</size>
         <input_file_ref idref="fl-6"/>
      </object_component>
      <object_component id="oc-180">
         <name>.text:SPIA_TX_ISR</name>
         <load_address>0x8982</load_address>
         <run_address>0x8982</run_address>
         <size>0xa</size>
         <input_file_ref idref="fl-6"/>
      </object_component>
      <object_component id="oc-102">
         <name>.text:SYS_ERR_ISR</name>
         <load_address>0x898c</load_address>
         <run_address>0x898c</run_address>
         <size>0xa</size>
         <input_file_ref idref="fl-6"/>
      </object_component>
      <object_component id="oc-108">
         <name>.text:TIMER0_ISR</name>
         <load_address>0x8996</load_address>
         <run_address>0x8996</run_address>
         <size>0xa</size>
         <input_file_ref idref="fl-6"/>
      </object_component>
      <object_component id="oc-75">
         <name>.text:TIMER1_ISR</name>
         <load_address>0x89a0</load_address>
         <run_address>0x89a0</run_address>
         <size>0xa</size>
         <input_file_ref idref="fl-6"/>
      </object_component>
      <object_component id="oc-7e">
         <name>.text:TIMER2_ISR</name>
         <load_address>0x89aa</load_address>
         <run_address>0x89aa</run_address>
         <size>0xa</size>
         <input_file_ref idref="fl-6"/>
      </object_component>
      <object_component id="oc-d8">
         <name>.text:USER10_ISR</name>
         <load_address>0x89b4</load_address>
         <run_address>0x89b4</run_address>
         <size>0xa</size>
         <input_file_ref idref="fl-6"/>
      </object_component>
      <object_component id="oc-de">
         <name>.text:USER11_ISR</name>
         <load_address>0x89be</load_address>
         <run_address>0x89be</run_address>
         <size>0xa</size>
         <input_file_ref idref="fl-6"/>
      </object_component>
      <object_component id="oc-e4">
         <name>.text:USER12_ISR</name>
         <load_address>0x89c8</load_address>
         <run_address>0x89c8</run_address>
         <size>0xa</size>
         <input_file_ref idref="fl-6"/>
      </object_component>
      <object_component id="oc-a2">
         <name>.text:USER1_ISR</name>
         <load_address>0x89d2</load_address>
         <run_address>0x89d2</run_address>
         <size>0xa</size>
         <input_file_ref idref="fl-6"/>
      </object_component>
      <object_component id="oc-a8">
         <name>.text:USER2_ISR</name>
         <load_address>0x89dc</load_address>
         <run_address>0x89dc</run_address>
         <size>0xa</size>
         <input_file_ref idref="fl-6"/>
      </object_component>
      <object_component id="oc-ae">
         <name>.text:USER3_ISR</name>
         <load_address>0x89e6</load_address>
         <run_address>0x89e6</run_address>
         <size>0xa</size>
         <input_file_ref idref="fl-6"/>
      </object_component>
      <object_component id="oc-b4">
         <name>.text:USER4_ISR</name>
         <load_address>0x89f0</load_address>
         <run_address>0x89f0</run_address>
         <size>0xa</size>
         <input_file_ref idref="fl-6"/>
      </object_component>
      <object_component id="oc-ba">
         <name>.text:USER5_ISR</name>
         <load_address>0x89fa</load_address>
         <run_address>0x89fa</run_address>
         <size>0xa</size>
         <input_file_ref idref="fl-6"/>
      </object_component>
      <object_component id="oc-c0">
         <name>.text:USER6_ISR</name>
         <load_address>0x8a04</load_address>
         <run_address>0x8a04</run_address>
         <size>0xa</size>
         <input_file_ref idref="fl-6"/>
      </object_component>
      <object_component id="oc-c6">
         <name>.text:USER7_ISR</name>
         <load_address>0x8a0e</load_address>
         <run_address>0x8a0e</run_address>
         <size>0xa</size>
         <input_file_ref idref="fl-6"/>
      </object_component>
      <object_component id="oc-cc">
         <name>.text:USER8_ISR</name>
         <load_address>0x8a18</load_address>
         <run_address>0x8a18</run_address>
         <size>0xa</size>
         <input_file_ref idref="fl-6"/>
      </object_component>
      <object_component id="oc-d2">
         <name>.text:USER9_ISR</name>
         <load_address>0x8a22</load_address>
         <run_address>0x8a22</run_address>
         <size>0xa</size>
         <input_file_ref idref="fl-6"/>
      </object_component>
      <object_component id="oc-10e">
         <name>.text:WAKE_ISR</name>
         <load_address>0x8a2c</load_address>
         <run_address>0x8a2c</run_address>
         <size>0xa</size>
         <input_file_ref idref="fl-6"/>
      </object_component>
      <object_component id="oc-f6">
         <name>.text:XINT1_ISR</name>
         <load_address>0x8a36</load_address>
         <run_address>0x8a36</run_address>
         <size>0xa</size>
         <input_file_ref idref="fl-6"/>
      </object_component>
      <object_component id="oc-fc">
         <name>.text:XINT2_ISR</name>
         <load_address>0x8a40</load_address>
         <run_address>0x8a40</run_address>
         <size>0xa</size>
         <input_file_ref idref="fl-6"/>
      </object_component>
      <object_component id="oc-204">
         <name>.text:XINT3_ISR</name>
         <load_address>0x8a4a</load_address>
         <run_address>0x8a4a</run_address>
         <size>0xa</size>
         <input_file_ref idref="fl-6"/>
      </object_component>
      <object_component id="oc-20a">
         <name>.text:XINT4_ISR</name>
         <load_address>0x8a54</load_address>
         <run_address>0x8a54</run_address>
         <size>0xa</size>
         <input_file_ref idref="fl-6"/>
      </object_component>
      <object_component id="oc-210">
         <name>.text:XINT5_ISR</name>
         <load_address>0x8a5e</load_address>
         <run_address>0x8a5e</run_address>
         <size>0xa</size>
         <input_file_ref idref="fl-6"/>
      </object_component>
      <object_component id="oc-361">
         <name>.text:SysIntOsc1Sel</name>
         <load_address>0x8a68</load_address>
         <run_address>0x8a68</run_address>
         <size>0x9</size>
         <input_file_ref idref="fl-c"/>
      </object_component>
      <object_component id="oc-417">
         <name>.text</name>
         <load_address>0x8a71</load_address>
         <run_address>0x8a71</run_address>
         <size>0x9</size>
         <input_file_ref idref="fl-28"/>
      </object_component>
      <object_component id="oc-5d">
         <name>.text:decompress:none</name>
         <load_address>0x8a7a</load_address>
         <run_address>0x8a7a</run_address>
         <size>0x8</size>
         <input_file_ref idref="fl-25"/>
      </object_component>
      <object_component id="oc-245">
         <name>.text</name>
         <load_address>0x8a82</load_address>
         <run_address>0x8a82</run_address>
         <size>0x8</size>
         <input_file_ref idref="fl-4"/>
      </object_component>
      <object_component id="oc-367">
         <name>.text:SysIntOsc2Sel</name>
         <load_address>0x8a8a</load_address>
         <run_address>0x8a8a</run_address>
         <size>0x7</size>
         <input_file_ref idref="fl-c"/>
      </object_component>
      <object_component id="oc-343">
         <name>.text</name>
         <load_address>0x8a91</load_address>
         <run_address>0x8a91</run_address>
         <size>0x2</size>
         <input_file_ref idref="fl-22"/>
      </object_component>
      <object_component id="oc-3fd">
         <name>.text</name>
         <load_address>0x8a93</load_address>
         <run_address>0x8a93</run_address>
         <size>0x1</size>
         <input_file_ref idref="fl-2d"/>
      </object_component>
      <object_component id="oc-4a9">
         <name>.cinit..data.load</name>
         <load_address>0x12c</load_address>
         <run_address>0x12c</run_address>
         <size>0x8</size>
      </object_component>
      <object_component id="oc-4a6">
         <name>__TI_handler_table</name>
         <load_address>0x134</load_address>
         <run_address>0x134</run_address>
         <size>0x6</size>
      </object_component>
      <object_component id="oc-4a8">
         <name>.cinit..bss.load</name>
         <load_address>0x13a</load_address>
         <run_address>0x13a</run_address>
         <size>0x4</size>
      </object_component>
      <object_component id="oc-4aa">
         <name>.cinit.PieVectTableFile.load</name>
         <load_address>0x13e</load_address>
         <run_address>0x13e</run_address>
         <size>0x4</size>
      </object_component>
      <object_component id="oc-4a7">
         <name>__TI_cinit_table</name>
         <load_address>0x142</load_address>
         <run_address>0x142</run_address>
         <size>0xc</size>
      </object_component>
      <object_component id="oc-22e">
         <name>.stack</name>
         <uninitialized>true</uninitialized>
         <run_address>0x400</run_address>
         <size>0x0</size>
         <input_file_ref idref="fl-1f"/>
      </object_component>
      <object_component id="oc-4ab">
         <name>.stack</name>
         <uninitialized>true</uninitialized>
         <run_address>0x400</run_address>
         <size>0x0</size>
      </object_component>
      <object_component id="oc-24b">
         <name>.bss</name>
         <uninitialized>true</uninitialized>
         <run_address>0x8200</run_address>
         <size>0x2</size>
         <input_file_ref idref="fl-2"/>
      </object_component>
      <object_component id="oc-257">
         <name>.bss:adcAResults</name>
         <uninitialized>true</uninitialized>
         <run_address>0x8100</run_address>
         <size>0x100</size>
         <input_file_ref idref="fl-2"/>
      </object_component>
      <object_component id="oc-7b">
         <name>.const</name>
         <load_address>0x8000</load_address>
         <run_address>0x8000</run_address>
         <size>0x100</size>
         <input_file_ref idref="fl-b"/>
      </object_component>
      <object_component id="oc-3ce">
         <name>.data</name>
         <load_address>0x8202</load_address>
         <run_address>0x8202</run_address>
         <size>0x6</size>
         <input_file_ref idref="fl-27"/>
      </object_component>
      <object_component id="oc-3d1">
         <name>.data:_lock</name>
         <load_address>0x8208</load_address>
         <run_address>0x8208</run_address>
         <size>0x2</size>
         <input_file_ref idref="fl-28"/>
      </object_component>
      <object_component id="oc-42f">
         <name>.data:_unlock</name>
         <load_address>0x820a</load_address>
         <run_address>0x820a</run_address>
         <size>0x2</size>
         <input_file_ref idref="fl-28"/>
      </object_component>
      <object_component id="oc-284">
         <name>PieVectTableFile</name>
         <uninitialized>true</uninitialized>
         <run_address>0xd00</run_address>
         <size>0x100</size>
         <input_file_ref idref="fl-8"/>
      </object_component>
      <object_component id="oc-251">
         <name>AdcaRegsFile</name>
         <uninitialized>true</uninitialized>
         <run_address>0x7400</run_address>
         <size>0x76</size>
         <input_file_ref idref="fl-8"/>
      </object_component>
      <object_component id="oc-38e">
         <name>AdccRegsFile</name>
         <uninitialized>true</uninitialized>
         <run_address>0x7500</run_address>
         <size>0x76</size>
         <input_file_ref idref="fl-8"/>
      </object_component>
      <object_component id="oc-24e">
         <name>AdcaResultRegsFile</name>
         <uninitialized>true</uninitialized>
         <run_address>0xb00</run_address>
         <size>0x18</size>
         <input_file_ref idref="fl-8"/>
      </object_component>
      <object_component id="oc-391">
         <name>AnalogSubsysRegsFile</name>
         <uninitialized>true</uninitialized>
         <run_address>0x5d700</run_address>
         <size>0x11a</size>
         <input_file_ref idref="fl-8"/>
      </object_component>
      <object_component id="oc-35e">
         <name>ClkCfgRegsFile</name>
         <uninitialized>true</uninitialized>
         <run_address>0x5d200</run_address>
         <size>0x3e</size>
         <input_file_ref idref="fl-8"/>
      </object_component>
      <object_component id="oc-287">
         <name>CpuSysRegsFile</name>
         <uninitialized>true</uninitialized>
         <run_address>0x5d300</run_address>
         <size>0xb0</size>
         <input_file_ref idref="fl-8"/>
      </object_component>
      <object_component id="oc-3e4">
         <name>Dcc0RegsFile</name>
         <uninitialized>true</uninitialized>
         <run_address>0x5e700</run_address>
         <size>0x2c</size>
         <input_file_ref idref="fl-8"/>
      </object_component>
      <object_component id="oc-28a">
         <name>EPwm1RegsFile</name>
         <uninitialized>true</uninitialized>
         <run_address>0x4000</run_address>
         <size>0x100</size>
         <input_file_ref idref="fl-8"/>
      </object_component>
      <object_component id="oc-313">
         <name>GpioCtrlRegsFile</name>
         <uninitialized>true</uninitialized>
         <run_address>0x7c00</run_address>
         <size>0x200</size>
         <input_file_ref idref="fl-8"/>
      </object_component>
      <object_component id="oc-316">
         <name>GpioDataRegsFile</name>
         <uninitialized>true</uninitialized>
         <run_address>0x7f00</run_address>
         <size>0x40</size>
         <input_file_ref idref="fl-8"/>
      </object_component>
      <object_component id="oc-254">
         <name>PieCtrlRegsFile</name>
         <uninitialized>true</uninitialized>
         <run_address>0xce0</run_address>
         <size>0x1a</size>
         <input_file_ref idref="fl-8"/>
      </object_component>
      <object_component id="oc-35a">
         <name>WdRegsFile</name>
         <uninitialized>true</uninitialized>
         <run_address>0x7000</run_address>
         <size>0x2b</size>
         <input_file_ref idref="fl-8"/>
      </object_component>
      <object_component id="oc-28e">
         <name>.debug_types</name>
         <load_address>0x0</load_address>
         <run_address>0x0</run_address>
         <size>0x11f21</size>
         <input_file_ref idref="fl-2"/>
      </object_component>
      <object_component id="oc-395">
         <name>.debug_types</name>
         <load_address>0x11f21</load_address>
         <run_address>0x11f21</run_address>
         <size>0x1a34</size>
         <input_file_ref idref="fl-3"/>
      </object_component>
      <object_component id="oc-291">
         <name>.debug_types</name>
         <load_address>0x0</load_address>
         <run_address>0x0</run_address>
         <size>0x0</size>
         <input_file_ref idref="fl-6"/>
      </object_component>
      <object_component id="oc-2f8">
         <name>.debug_types</name>
         <load_address>0x13955</load_address>
         <run_address>0x13955</run_address>
         <size>0x2f46e</size>
         <input_file_ref idref="fl-8"/>
      </object_component>
      <object_component id="oc-31a">
         <name>.debug_types</name>
         <load_address>0x42dc3</load_address>
         <run_address>0x42dc3</run_address>
         <size>0x5a</size>
         <input_file_ref idref="fl-9"/>
      </object_component>
      <object_component id="oc-31c">
         <name>.debug_types</name>
         <load_address>0x0</load_address>
         <run_address>0x0</run_address>
         <size>0x0</size>
         <input_file_ref idref="fl-a"/>
      </object_component>
      <object_component id="oc-294">
         <name>.debug_types</name>
         <load_address>0x42e1d</load_address>
         <run_address>0x42e1d</run_address>
         <size>0x5a</size>
         <input_file_ref idref="fl-b"/>
      </object_component>
      <object_component id="oc-312">
         <name>.debug_types</name>
         <load_address>0x42e77</load_address>
         <run_address>0x42e77</run_address>
         <size>0x5a</size>
         <input_file_ref idref="fl-c"/>
      </object_component>
      <object_component id="oc-39b">
         <name>.debug_types</name>
         <load_address>0x0</load_address>
         <run_address>0x0</run_address>
         <size>0x0</size>
         <input_file_ref idref="fl-22"/>
      </object_component>
      <object_component id="oc-404">
         <name>.debug_types</name>
         <load_address>0x42ed1</load_address>
         <run_address>0x42ed1</run_address>
         <size>0x4c6</size>
         <input_file_ref idref="fl-23"/>
      </object_component>
      <object_component id="oc-2e6">
         <name>.debug_types</name>
         <load_address>0x43397</load_address>
         <run_address>0x43397</run_address>
         <size>0x1f3</size>
         <input_file_ref idref="fl-24"/>
      </object_component>
      <object_component id="oc-238">
         <name>.debug_types</name>
         <load_address>0x0</load_address>
         <run_address>0x0</run_address>
         <size>0x0</size>
         <input_file_ref idref="fl-25"/>
      </object_component>
      <object_component id="oc-230">
         <name>.debug_types</name>
         <load_address>0x4358a</load_address>
         <run_address>0x4358a</run_address>
         <size>0x191</size>
         <input_file_ref idref="fl-26"/>
      </object_component>
      <object_component id="oc-3d5">
         <name>.debug_types</name>
         <load_address>0x4371b</load_address>
         <run_address>0x4371b</run_address>
         <size>0xbf</size>
         <input_file_ref idref="fl-27"/>
      </object_component>
      <object_component id="oc-41f">
         <name>.debug_types</name>
         <load_address>0x437da</load_address>
         <run_address>0x437da</run_address>
         <size>0x2f</size>
         <input_file_ref idref="fl-28"/>
      </object_component>
      <object_component id="oc-3cd">
         <name>.debug_types</name>
         <load_address>0x43809</load_address>
         <run_address>0x43809</run_address>
         <size>0xe1</size>
         <input_file_ref idref="fl-29"/>
      </object_component>
      <object_component id="oc-2e1">
         <name>.debug_types</name>
         <load_address>0x438ea</load_address>
         <run_address>0x438ea</run_address>
         <size>0xb8</size>
         <input_file_ref idref="fl-2c"/>
      </object_component>
      <object_component id="oc-429">
         <name>.debug_types</name>
         <load_address>0x0</load_address>
         <run_address>0x0</run_address>
         <size>0x0</size>
         <input_file_ref idref="fl-2d"/>
      </object_component>
      <object_component id="oc-24c">
         <name>.debug_info</name>
         <load_address>0x0</load_address>
         <run_address>0x0</run_address>
         <size>0x119</size>
         <input_file_ref idref="fl-2"/>
      </object_component>
      <object_component id="oc-258">
         <name>.debug_info</name>
         <load_address>0x119</load_address>
         <run_address>0x119</run_address>
         <size>0xfd</size>
         <input_file_ref idref="fl-2"/>
      </object_component>
      <object_component id="oc-6b">
         <name>.debug_info</name>
         <load_address>0x216</load_address>
         <run_address>0x216</run_address>
         <size>0x180</size>
         <input_file_ref idref="fl-2"/>
      </object_component>
      <object_component id="oc-273">
         <name>.debug_info</name>
         <load_address>0x396</load_address>
         <run_address>0x396</run_address>
         <size>0x139</size>
         <input_file_ref idref="fl-2"/>
      </object_component>
      <object_component id="oc-279">
         <name>.debug_info</name>
         <load_address>0x4cf</load_address>
         <run_address>0x4cf</run_address>
         <size>0x11d</size>
         <input_file_ref idref="fl-2"/>
      </object_component>
      <object_component id="oc-27f">
         <name>.debug_info</name>
         <load_address>0x5ec</load_address>
         <run_address>0x5ec</run_address>
         <size>0x122</size>
         <input_file_ref idref="fl-2"/>
      </object_component>
      <object_component id="oc-70">
         <name>.debug_info</name>
         <load_address>0x70e</load_address>
         <run_address>0x70e</run_address>
         <size>0x11e</size>
         <input_file_ref idref="fl-2"/>
      </object_component>
      <object_component id="oc-31f">
         <name>.debug_info</name>
         <load_address>0x82c</load_address>
         <run_address>0x82c</run_address>
         <size>0x1a5</size>
         <input_file_ref idref="fl-3"/>
      </object_component>
      <object_component id="oc-65">
         <name>.debug_info</name>
         <load_address>0x9d1</load_address>
         <run_address>0x9d1</run_address>
         <size>0x10b</size>
         <input_file_ref idref="fl-4"/>
      </object_component>
      <object_component id="oc-248">
         <name>.debug_info</name>
         <load_address>0xadc</load_address>
         <run_address>0xadc</run_address>
         <size>0x10c</size>
         <input_file_ref idref="fl-4"/>
      </object_component>
      <object_component id="oc-76">
         <name>.debug_info</name>
         <load_address>0xbe8</load_address>
         <run_address>0xbe8</run_address>
         <size>0x11c</size>
         <input_file_ref idref="fl-6"/>
      </object_component>
      <object_component id="oc-7f">
         <name>.debug_info</name>
         <load_address>0xd04</load_address>
         <run_address>0xd04</run_address>
         <size>0x11c</size>
         <input_file_ref idref="fl-6"/>
      </object_component>
      <object_component id="oc-85">
         <name>.debug_info</name>
         <load_address>0xe20</load_address>
         <run_address>0xe20</run_address>
         <size>0x11e</size>
         <input_file_ref idref="fl-6"/>
      </object_component>
      <object_component id="oc-8b">
         <name>.debug_info</name>
         <load_address>0xf3e</load_address>
         <run_address>0xf3e</run_address>
         <size>0x118</size>
         <input_file_ref idref="fl-6"/>
      </object_component>
      <object_component id="oc-91">
         <name>.debug_info</name>
         <load_address>0x1056</load_address>
         <run_address>0x1056</run_address>
         <size>0x116</size>
         <input_file_ref idref="fl-6"/>
      </object_component>
      <object_component id="oc-97">
         <name>.debug_info</name>
         <load_address>0x116c</load_address>
         <run_address>0x116c</run_address>
         <size>0x116</size>
         <input_file_ref idref="fl-6"/>
      </object_component>
      <object_component id="oc-9d">
         <name>.debug_info</name>
         <load_address>0x1282</load_address>
         <run_address>0x1282</run_address>
         <size>0x11e</size>
         <input_file_ref idref="fl-6"/>
      </object_component>
      <object_component id="oc-a3">
         <name>.debug_info</name>
         <load_address>0x13a0</load_address>
         <run_address>0x13a0</run_address>
         <size>0x11a</size>
         <input_file_ref idref="fl-6"/>
      </object_component>
      <object_component id="oc-a9">
         <name>.debug_info</name>
         <load_address>0x14ba</load_address>
         <run_address>0x14ba</run_address>
         <size>0x11a</size>
         <input_file_ref idref="fl-6"/>
      </object_component>
      <object_component id="oc-af">
         <name>.debug_info</name>
         <load_address>0x15d4</load_address>
         <run_address>0x15d4</run_address>
         <size>0x11a</size>
         <input_file_ref idref="fl-6"/>
      </object_component>
      <object_component id="oc-b5">
         <name>.debug_info</name>
         <load_address>0x16ee</load_address>
         <run_address>0x16ee</run_address>
         <size>0x11a</size>
         <input_file_ref idref="fl-6"/>
      </object_component>
      <object_component id="oc-bb">
         <name>.debug_info</name>
         <load_address>0x1808</load_address>
         <run_address>0x1808</run_address>
         <size>0x11a</size>
         <input_file_ref idref="fl-6"/>
      </object_component>
      <object_component id="oc-c1">
         <name>.debug_info</name>
         <load_address>0x1922</load_address>
         <run_address>0x1922</run_address>
         <size>0x11b</size>
         <input_file_ref idref="fl-6"/>
      </object_component>
      <object_component id="oc-c7">
         <name>.debug_info</name>
         <load_address>0x1a3d</load_address>
         <run_address>0x1a3d</run_address>
         <size>0x11c</size>
         <input_file_ref idref="fl-6"/>
      </object_component>
      <object_component id="oc-cd">
         <name>.debug_info</name>
         <load_address>0x1b59</load_address>
         <run_address>0x1b59</run_address>
         <size>0x11c</size>
         <input_file_ref idref="fl-6"/>
      </object_component>
      <object_component id="oc-d3">
         <name>.debug_info</name>
         <load_address>0x1c75</load_address>
         <run_address>0x1c75</run_address>
         <size>0x11c</size>
         <input_file_ref idref="fl-6"/>
      </object_component>
      <object_component id="oc-d9">
         <name>.debug_info</name>
         <load_address>0x1d91</load_address>
         <run_address>0x1d91</run_address>
         <size>0x11e</size>
         <input_file_ref idref="fl-6"/>
      </object_component>
      <object_component id="oc-df">
         <name>.debug_info</name>
         <load_address>0x1eaf</load_address>
         <run_address>0x1eaf</run_address>
         <size>0x11e</size>
         <input_file_ref idref="fl-6"/>
      </object_component>
      <object_component id="oc-e5">
         <name>.debug_info</name>
         <load_address>0x1fcd</load_address>
         <run_address>0x1fcd</run_address>
         <size>0x11e</size>
         <input_file_ref idref="fl-6"/>
      </object_component>
      <object_component id="oc-eb">
         <name>.debug_info</name>
         <load_address>0x20eb</load_address>
         <run_address>0x20eb</run_address>
         <size>0x11c</size>
         <input_file_ref idref="fl-6"/>
      </object_component>
      <object_component id="oc-f1">
         <name>.debug_info</name>
         <load_address>0x2207</load_address>
         <run_address>0x2207</run_address>
         <size>0x11c</size>
         <input_file_ref idref="fl-6"/>
      </object_component>
      <object_component id="oc-f7">
         <name>.debug_info</name>
         <load_address>0x2323</load_address>
         <run_address>0x2323</run_address>
         <size>0x11c</size>
         <input_file_ref idref="fl-6"/>
      </object_component>
      <object_component id="oc-fd">
         <name>.debug_info</name>
         <load_address>0x243f</load_address>
         <run_address>0x243f</run_address>
         <size>0x11c</size>
         <input_file_ref idref="fl-6"/>
      </object_component>
      <object_component id="oc-103">
         <name>.debug_info</name>
         <load_address>0x255b</load_address>
         <run_address>0x255b</run_address>
         <size>0x120</size>
         <input_file_ref idref="fl-6"/>
      </object_component>
      <object_component id="oc-109">
         <name>.debug_info</name>
         <load_address>0x267b</load_address>
         <run_address>0x267b</run_address>
         <size>0x11e</size>
         <input_file_ref idref="fl-6"/>
      </object_component>
      <object_component id="oc-10f">
         <name>.debug_info</name>
         <load_address>0x2799</load_address>
         <run_address>0x2799</run_address>
         <size>0x11a</size>
         <input_file_ref idref="fl-6"/>
      </object_component>
      <object_component id="oc-115">
         <name>.debug_info</name>
         <load_address>0x28b3</load_address>
         <run_address>0x28b3</run_address>
         <size>0x122</size>
         <input_file_ref idref="fl-6"/>
      </object_component>
      <object_component id="oc-11b">
         <name>.debug_info</name>
         <load_address>0x29d5</load_address>
         <run_address>0x29d5</run_address>
         <size>0x122</size>
         <input_file_ref idref="fl-6"/>
      </object_component>
      <object_component id="oc-121">
         <name>.debug_info</name>
         <load_address>0x2af7</load_address>
         <run_address>0x2af7</run_address>
         <size>0x122</size>
         <input_file_ref idref="fl-6"/>
      </object_component>
      <object_component id="oc-127">
         <name>.debug_info</name>
         <load_address>0x2c19</load_address>
         <run_address>0x2c19</run_address>
         <size>0x122</size>
         <input_file_ref idref="fl-6"/>
      </object_component>
      <object_component id="oc-12d">
         <name>.debug_info</name>
         <load_address>0x2d3b</load_address>
         <run_address>0x2d3b</run_address>
         <size>0x122</size>
         <input_file_ref idref="fl-6"/>
      </object_component>
      <object_component id="oc-133">
         <name>.debug_info</name>
         <load_address>0x2e5d</load_address>
         <run_address>0x2e5d</run_address>
         <size>0x122</size>
         <input_file_ref idref="fl-6"/>
      </object_component>
      <object_component id="oc-139">
         <name>.debug_info</name>
         <load_address>0x2f7f</load_address>
         <run_address>0x2f7f</run_address>
         <size>0x122</size>
         <input_file_ref idref="fl-6"/>
      </object_component>
      <object_component id="oc-13f">
         <name>.debug_info</name>
         <load_address>0x30a1</load_address>
         <run_address>0x30a1</run_address>
         <size>0x11c</size>
         <input_file_ref idref="fl-6"/>
      </object_component>
      <object_component id="oc-145">
         <name>.debug_info</name>
         <load_address>0x31bd</load_address>
         <run_address>0x31bd</run_address>
         <size>0x11c</size>
         <input_file_ref idref="fl-6"/>
      </object_component>
      <object_component id="oc-14b">
         <name>.debug_info</name>
         <load_address>0x32d9</load_address>
         <run_address>0x32d9</run_address>
         <size>0x11c</size>
         <input_file_ref idref="fl-6"/>
      </object_component>
      <object_component id="oc-151">
         <name>.debug_info</name>
         <load_address>0x33f5</load_address>
         <run_address>0x33f5</run_address>
         <size>0x11c</size>
         <input_file_ref idref="fl-6"/>
      </object_component>
      <object_component id="oc-157">
         <name>.debug_info</name>
         <load_address>0x3511</load_address>
         <run_address>0x3511</run_address>
         <size>0x11c</size>
         <input_file_ref idref="fl-6"/>
      </object_component>
      <object_component id="oc-15d">
         <name>.debug_info</name>
         <load_address>0x362d</load_address>
         <run_address>0x362d</run_address>
         <size>0x11c</size>
         <input_file_ref idref="fl-6"/>
      </object_component>
      <object_component id="oc-163">
         <name>.debug_info</name>
         <load_address>0x3749</load_address>
         <run_address>0x3749</run_address>
         <size>0x11c</size>
         <input_file_ref idref="fl-6"/>
      </object_component>
      <object_component id="oc-169">
         <name>.debug_info</name>
         <load_address>0x3865</load_address>
         <run_address>0x3865</run_address>
         <size>0x11c</size>
         <input_file_ref idref="fl-6"/>
      </object_component>
      <object_component id="oc-16f">
         <name>.debug_info</name>
         <load_address>0x3981</load_address>
         <run_address>0x3981</run_address>
         <size>0x11c</size>
         <input_file_ref idref="fl-6"/>
      </object_component>
      <object_component id="oc-175">
         <name>.debug_info</name>
         <load_address>0x3a9d</load_address>
         <run_address>0x3a9d</run_address>
         <size>0x11c</size>
         <input_file_ref idref="fl-6"/>
      </object_component>
      <object_component id="oc-17b">
         <name>.debug_info</name>
         <load_address>0x3bb9</load_address>
         <run_address>0x3bb9</run_address>
         <size>0x120</size>
         <input_file_ref idref="fl-6"/>
      </object_component>
      <object_component id="oc-181">
         <name>.debug_info</name>
         <load_address>0x3cd9</load_address>
         <run_address>0x3cd9</run_address>
         <size>0x120</size>
         <input_file_ref idref="fl-6"/>
      </object_component>
      <object_component id="oc-187">
         <name>.debug_info</name>
         <load_address>0x3df9</load_address>
         <run_address>0x3df9</run_address>
         <size>0x11a</size>
         <input_file_ref idref="fl-6"/>
      </object_component>
      <object_component id="oc-18d">
         <name>.debug_info</name>
         <load_address>0x3f13</load_address>
         <run_address>0x3f13</run_address>
         <size>0x11a</size>
         <input_file_ref idref="fl-6"/>
      </object_component>
      <object_component id="oc-193">
         <name>.debug_info</name>
         <load_address>0x402d</load_address>
         <run_address>0x402d</run_address>
         <size>0x124</size>
         <input_file_ref idref="fl-6"/>
      </object_component>
      <object_component id="oc-199">
         <name>.debug_info</name>
         <load_address>0x4151</load_address>
         <run_address>0x4151</run_address>
         <size>0x11a</size>
         <input_file_ref idref="fl-6"/>
      </object_component>
      <object_component id="oc-19f">
         <name>.debug_info</name>
         <load_address>0x426b</load_address>
         <run_address>0x426b</run_address>
         <size>0x124</size>
         <input_file_ref idref="fl-6"/>
      </object_component>
      <object_component id="oc-1a5">
         <name>.debug_info</name>
         <load_address>0x438f</load_address>
         <run_address>0x438f</run_address>
         <size>0x120</size>
         <input_file_ref idref="fl-6"/>
      </object_component>
      <object_component id="oc-1ab">
         <name>.debug_info</name>
         <load_address>0x44af</load_address>
         <run_address>0x44af</run_address>
         <size>0x120</size>
         <input_file_ref idref="fl-6"/>
      </object_component>
      <object_component id="oc-1b1">
         <name>.debug_info</name>
         <load_address>0x45cf</load_address>
         <run_address>0x45cf</run_address>
         <size>0x120</size>
         <input_file_ref idref="fl-6"/>
      </object_component>
      <object_component id="oc-1b7">
         <name>.debug_info</name>
         <load_address>0x46ef</load_address>
         <run_address>0x46ef</run_address>
         <size>0x120</size>
         <input_file_ref idref="fl-6"/>
      </object_component>
      <object_component id="oc-1bd">
         <name>.debug_info</name>
         <load_address>0x480f</load_address>
         <run_address>0x480f</run_address>
         <size>0x120</size>
         <input_file_ref idref="fl-6"/>
      </object_component>
      <object_component id="oc-1c3">
         <name>.debug_info</name>
         <load_address>0x492f</load_address>
         <run_address>0x492f</run_address>
         <size>0x120</size>
         <input_file_ref idref="fl-6"/>
      </object_component>
      <object_component id="oc-1c9">
         <name>.debug_info</name>
         <load_address>0x4a4f</load_address>
         <run_address>0x4a4f</run_address>
         <size>0x11c</size>
         <input_file_ref idref="fl-6"/>
      </object_component>
      <object_component id="oc-1cf">
         <name>.debug_info</name>
         <load_address>0x4b6b</load_address>
         <run_address>0x4b6b</run_address>
         <size>0x11c</size>
         <input_file_ref idref="fl-6"/>
      </object_component>
      <object_component id="oc-1d5">
         <name>.debug_info</name>
         <load_address>0x4c87</load_address>
         <run_address>0x4c87</run_address>
         <size>0x122</size>
         <input_file_ref idref="fl-6"/>
      </object_component>
      <object_component id="oc-1db">
         <name>.debug_info</name>
         <load_address>0x4da9</load_address>
         <run_address>0x4da9</run_address>
         <size>0x11c</size>
         <input_file_ref idref="fl-6"/>
      </object_component>
      <object_component id="oc-1e1">
         <name>.debug_info</name>
         <load_address>0x4ec5</load_address>
         <run_address>0x4ec5</run_address>
         <size>0x11c</size>
         <input_file_ref idref="fl-6"/>
      </object_component>
      <object_component id="oc-1e7">
         <name>.debug_info</name>
         <load_address>0x4fe1</load_address>
         <run_address>0x4fe1</run_address>
         <size>0x11c</size>
         <input_file_ref idref="fl-6"/>
      </object_component>
      <object_component id="oc-1ed">
         <name>.debug_info</name>
         <load_address>0x50fd</load_address>
         <run_address>0x50fd</run_address>
         <size>0x122</size>
         <input_file_ref idref="fl-6"/>
      </object_component>
      <object_component id="oc-1f3">
         <name>.debug_info</name>
         <load_address>0x521f</load_address>
         <run_address>0x521f</run_address>
         <size>0x11c</size>
         <input_file_ref idref="fl-6"/>
      </object_component>
      <object_component id="oc-1f9">
         <name>.debug_info</name>
         <load_address>0x533b</load_address>
         <run_address>0x533b</run_address>
         <size>0x11c</size>
         <input_file_ref idref="fl-6"/>
      </object_component>
      <object_component id="oc-1ff">
         <name>.debug_info</name>
         <load_address>0x5457</load_address>
         <run_address>0x5457</run_address>
         <size>0x11c</size>
         <input_file_ref idref="fl-6"/>
      </object_component>
      <object_component id="oc-205">
         <name>.debug_info</name>
         <load_address>0x5573</load_address>
         <run_address>0x5573</run_address>
         <size>0x11c</size>
         <input_file_ref idref="fl-6"/>
      </object_component>
      <object_component id="oc-20b">
         <name>.debug_info</name>
         <load_address>0x568f</load_address>
         <run_address>0x568f</run_address>
         <size>0x11c</size>
         <input_file_ref idref="fl-6"/>
      </object_component>
      <object_component id="oc-211">
         <name>.debug_info</name>
         <load_address>0x57ab</load_address>
         <run_address>0x57ab</run_address>
         <size>0x11c</size>
         <input_file_ref idref="fl-6"/>
      </object_component>
      <object_component id="oc-217">
         <name>.debug_info</name>
         <load_address>0x58c7</load_address>
         <run_address>0x58c7</run_address>
         <size>0x11a</size>
         <input_file_ref idref="fl-6"/>
      </object_component>
      <object_component id="oc-21d">
         <name>.debug_info</name>
         <load_address>0x59e1</load_address>
         <run_address>0x59e1</run_address>
         <size>0x12a</size>
         <input_file_ref idref="fl-6"/>
      </object_component>
      <object_component id="oc-223">
         <name>.debug_info</name>
         <load_address>0x5b0b</load_address>
         <run_address>0x5b0b</run_address>
         <size>0x126</size>
         <input_file_ref idref="fl-6"/>
      </object_component>
      <object_component id="oc-229">
         <name>.debug_info</name>
         <load_address>0x5c31</load_address>
         <run_address>0x5c31</run_address>
         <size>0x120</size>
         <input_file_ref idref="fl-6"/>
      </object_component>
      <object_component id="oc-24f">
         <name>.debug_info</name>
         <load_address>0x5d51</load_address>
         <run_address>0x5d51</run_address>
         <size>0x10d</size>
         <input_file_ref idref="fl-8"/>
      </object_component>
      <object_component id="oc-255">
         <name>.debug_info</name>
         <load_address>0x5e5e</load_address>
         <run_address>0x5e5e</run_address>
         <size>0x108</size>
         <input_file_ref idref="fl-8"/>
      </object_component>
      <object_component id="oc-35b">
         <name>.debug_info</name>
         <load_address>0x5f66</load_address>
         <run_address>0x5f66</run_address>
         <size>0xfe</size>
         <input_file_ref idref="fl-8"/>
      </object_component>
      <object_component id="oc-3e5">
         <name>.debug_info</name>
         <load_address>0x6064</load_address>
         <run_address>0x6064</run_address>
         <size>0x101</size>
         <input_file_ref idref="fl-8"/>
      </object_component>
      <object_component id="oc-35f">
         <name>.debug_info</name>
         <load_address>0x6165</load_address>
         <run_address>0x6165</run_address>
         <size>0x105</size>
         <input_file_ref idref="fl-8"/>
      </object_component>
      <object_component id="oc-317">
         <name>.debug_info</name>
         <load_address>0x626a</load_address>
         <run_address>0x626a</run_address>
         <size>0x10a</size>
         <input_file_ref idref="fl-8"/>
      </object_component>
      <object_component id="oc-252">
         <name>.debug_info</name>
         <load_address>0x6374</load_address>
         <run_address>0x6374</run_address>
         <size>0x101</size>
         <input_file_ref idref="fl-8"/>
      </object_component>
      <object_component id="oc-38f">
         <name>.debug_info</name>
         <load_address>0x6475</load_address>
         <run_address>0x6475</run_address>
         <size>0x101</size>
         <input_file_ref idref="fl-8"/>
      </object_component>
      <object_component id="oc-288">
         <name>.debug_info</name>
         <load_address>0x6576</load_address>
         <run_address>0x6576</run_address>
         <size>0x105</size>
         <input_file_ref idref="fl-8"/>
      </object_component>
      <object_component id="oc-28b">
         <name>.debug_info</name>
         <load_address>0x667b</load_address>
         <run_address>0x667b</run_address>
         <size>0x104</size>
         <input_file_ref idref="fl-8"/>
      </object_component>
      <object_component id="oc-285">
         <name>.debug_info</name>
         <load_address>0x677f</load_address>
         <run_address>0x677f</run_address>
         <size>0x10a</size>
         <input_file_ref idref="fl-8"/>
      </object_component>
      <object_component id="oc-392">
         <name>.debug_info</name>
         <load_address>0x6889</load_address>
         <run_address>0x6889</run_address>
         <size>0x111</size>
         <input_file_ref idref="fl-8"/>
      </object_component>
      <object_component id="oc-314">
         <name>.debug_info</name>
         <load_address>0x699a</load_address>
         <run_address>0x699a</run_address>
         <size>0x10a</size>
         <input_file_ref idref="fl-8"/>
      </object_component>
      <object_component id="oc-262">
         <name>.debug_info</name>
         <load_address>0x6aa4</load_address>
         <run_address>0x6aa4</run_address>
         <size>0x145</size>
         <input_file_ref idref="fl-9"/>
      </object_component>
      <object_component id="oc-26a">
         <name>.debug_info</name>
         <load_address>0x6be9</load_address>
         <run_address>0x6be9</run_address>
         <size>0x122</size>
         <input_file_ref idref="fl-a"/>
      </object_component>
      <object_component id="oc-7c">
         <name>.debug_info</name>
         <load_address>0x6d0b</load_address>
         <run_address>0x6d0b</run_address>
         <size>0x107</size>
         <input_file_ref idref="fl-b"/>
      </object_component>
      <object_component id="oc-26d">
         <name>.debug_info</name>
         <load_address>0x6e12</load_address>
         <run_address>0x6e12</run_address>
         <size>0x15e</size>
         <input_file_ref idref="fl-b"/>
      </object_component>
      <object_component id="oc-25c">
         <name>.debug_info</name>
         <load_address>0x6f70</load_address>
         <run_address>0x6f70</run_address>
         <size>0x161</size>
         <input_file_ref idref="fl-c"/>
      </object_component>
      <object_component id="oc-30d">
         <name>.debug_info</name>
         <load_address>0x70d1</load_address>
         <run_address>0x70d1</run_address>
         <size>0x134</size>
         <input_file_ref idref="fl-c"/>
      </object_component>
      <object_component id="oc-300">
         <name>.debug_info</name>
         <load_address>0x7205</load_address>
         <run_address>0x7205</run_address>
         <size>0x133</size>
         <input_file_ref idref="fl-c"/>
      </object_component>
      <object_component id="oc-306">
         <name>.debug_info</name>
         <load_address>0x7338</load_address>
         <run_address>0x7338</run_address>
         <size>0x28e</size>
         <input_file_ref idref="fl-c"/>
      </object_component>
      <object_component id="oc-363">
         <name>.debug_info</name>
         <load_address>0x75c6</load_address>
         <run_address>0x75c6</run_address>
         <size>0x128</size>
         <input_file_ref idref="fl-c"/>
      </object_component>
      <object_component id="oc-369">
         <name>.debug_info</name>
         <load_address>0x76ee</load_address>
         <run_address>0x76ee</run_address>
         <size>0x128</size>
         <input_file_ref idref="fl-c"/>
      </object_component>
      <object_component id="oc-3de">
         <name>.debug_info</name>
         <load_address>0x7816</load_address>
         <run_address>0x7816</run_address>
         <size>0x150</size>
         <input_file_ref idref="fl-c"/>
      </object_component>
      <object_component id="oc-36e">
         <name>.debug_info</name>
         <load_address>0x7966</load_address>
         <run_address>0x7966</run_address>
         <size>0x14e</size>
         <input_file_ref idref="fl-c"/>
      </object_component>
      <object_component id="oc-375">
         <name>.debug_info</name>
         <load_address>0x7ab4</load_address>
         <run_address>0x7ab4</run_address>
         <size>0x13f</size>
         <input_file_ref idref="fl-c"/>
      </object_component>
      <object_component id="oc-37a">
         <name>.debug_info</name>
         <load_address>0x7bf3</load_address>
         <run_address>0x7bf3</run_address>
         <size>0x22c</size>
         <input_file_ref idref="fl-c"/>
      </object_component>
      <object_component id="oc-3ed">
         <name>.debug_info</name>
         <load_address>0x7e1f</load_address>
         <run_address>0x7e1f</run_address>
         <size>0x244</size>
         <input_file_ref idref="fl-c"/>
      </object_component>
      <object_component id="oc-326">
         <name>.debug_info</name>
         <load_address>0x8063</load_address>
         <run_address>0x8063</run_address>
         <size>0x105</size>
         <input_file_ref idref="fl-e"/>
      </object_component>
      <object_component id="oc-2f0">
         <name>.debug_info</name>
         <load_address>0x8168</load_address>
         <run_address>0x8168</run_address>
         <size>0x158</size>
         <input_file_ref idref="fl-1f"/>
      </object_component>
      <object_component id="oc-3ea">
         <name>.debug_info</name>
         <load_address>0x82c0</load_address>
         <run_address>0x82c0</run_address>
         <size>0x127</size>
         <input_file_ref idref="fl-20"/>
      </object_component>
      <object_component id="oc-345">
         <name>.debug_info</name>
         <load_address>0x83e7</load_address>
         <run_address>0x83e7</run_address>
         <size>0x14d</size>
         <input_file_ref idref="fl-22"/>
      </object_component>
      <object_component id="oc-39f">
         <name>.debug_info</name>
         <load_address>0x8534</load_address>
         <run_address>0x8534</run_address>
         <size>0x1bf</size>
         <input_file_ref idref="fl-23"/>
      </object_component>
      <object_component id="oc-23c">
         <name>.debug_info</name>
         <load_address>0x86f3</load_address>
         <run_address>0x86f3</run_address>
         <size>0x1b6</size>
         <input_file_ref idref="fl-24"/>
      </object_component>
      <object_component id="oc-5f">
         <name>.debug_info</name>
         <load_address>0x88a9</load_address>
         <run_address>0x88a9</run_address>
         <size>0x1b7</size>
         <input_file_ref idref="fl-25"/>
      </object_component>
      <object_component id="oc-58">
         <name>.debug_info</name>
         <load_address>0x8a60</load_address>
         <run_address>0x8a60</run_address>
         <size>0x219</size>
         <input_file_ref idref="fl-26"/>
      </object_component>
      <object_component id="oc-3cf">
         <name>.debug_info</name>
         <load_address>0x8c79</load_address>
         <run_address>0x8c79</run_address>
         <size>0x19e</size>
         <input_file_ref idref="fl-27"/>
      </object_component>
      <object_component id="oc-353">
         <name>.debug_info</name>
         <load_address>0x8e17</load_address>
         <run_address>0x8e17</run_address>
         <size>0x1a9</size>
         <input_file_ref idref="fl-27"/>
      </object_component>
      <object_component id="oc-3d2">
         <name>.debug_info</name>
         <load_address>0x8fc0</load_address>
         <run_address>0x8fc0</run_address>
         <size>0x107</size>
         <input_file_ref idref="fl-28"/>
      </object_component>
      <object_component id="oc-430">
         <name>.debug_info</name>
         <load_address>0x90c7</load_address>
         <run_address>0x90c7</run_address>
         <size>0x10b</size>
         <input_file_ref idref="fl-28"/>
      </object_component>
      <object_component id="oc-418">
         <name>.debug_info</name>
         <load_address>0x91d2</load_address>
         <run_address>0x91d2</run_address>
         <size>0x203</size>
         <input_file_ref idref="fl-28"/>
      </object_component>
      <object_component id="oc-34b">
         <name>.debug_info</name>
         <load_address>0x93d5</load_address>
         <run_address>0x93d5</run_address>
         <size>0x15d</size>
         <input_file_ref idref="fl-29"/>
      </object_component>
      <object_component id="oc-232">
         <name>.debug_info</name>
         <load_address>0x9532</load_address>
         <run_address>0x9532</run_address>
         <size>0x19b</size>
         <input_file_ref idref="fl-2c"/>
      </object_component>
      <object_component id="oc-400">
         <name>.debug_info</name>
         <load_address>0x96cd</load_address>
         <run_address>0x96cd</run_address>
         <size>0x147</size>
         <input_file_ref idref="fl-2d"/>
      </object_component>
      <object_component id="oc-4ad">
         <name>.debug_info</name>
         <load_address>0x9814</load_address>
         <run_address>0x9814</run_address>
         <size>0xb7</size>
      </object_component>
      <object_component id="oc-2f5">
         <name>.debug_line</name>
         <load_address>0x0</load_address>
         <run_address>0x0</run_address>
         <size>0x3a</size>
         <input_file_ref idref="fl-2"/>
      </object_component>
      <object_component id="oc-2fe">
         <name>.debug_line</name>
         <load_address>0x3a</load_address>
         <run_address>0x3a</run_address>
         <size>0x3a</size>
         <input_file_ref idref="fl-2"/>
      </object_component>
      <object_component id="oc-6f">
         <name>.debug_line</name>
         <load_address>0x74</load_address>
         <run_address>0x74</run_address>
         <size>0x89</size>
         <input_file_ref idref="fl-2"/>
      </object_component>
      <object_component id="oc-277">
         <name>.debug_line</name>
         <load_address>0xfd</load_address>
         <run_address>0xfd</run_address>
         <size>0x56</size>
         <input_file_ref idref="fl-2"/>
      </object_component>
      <object_component id="oc-27c">
         <name>.debug_line</name>
         <load_address>0x153</load_address>
         <run_address>0x153</run_address>
         <size>0x57</size>
         <input_file_ref idref="fl-2"/>
      </object_component>
      <object_component id="oc-283">
         <name>.debug_line</name>
         <load_address>0x1aa</load_address>
         <run_address>0x1aa</run_address>
         <size>0x57</size>
         <input_file_ref idref="fl-2"/>
      </object_component>
      <object_component id="oc-73">
         <name>.debug_line</name>
         <load_address>0x201</load_address>
         <run_address>0x201</run_address>
         <size>0x60</size>
         <input_file_ref idref="fl-2"/>
      </object_component>
      <object_component id="oc-333">
         <name>.debug_line</name>
         <load_address>0x261</load_address>
         <run_address>0x261</run_address>
         <size>0x149</size>
         <input_file_ref idref="fl-2"/>
      </object_component>
      <object_component id="oc-322">
         <name>.debug_line</name>
         <load_address>0x3aa</load_address>
         <run_address>0x3aa</run_address>
         <size>0x59</size>
         <input_file_ref idref="fl-3"/>
      </object_component>
      <object_component id="oc-3f8">
         <name>.debug_line</name>
[...]
         <object_component_ref idref="oc-24b"/>
      </symbol>
      <symbol id="sm-a5">
         <name>initEPWM</name>
         <value>0x86f4</value>
         <object_component_ref idref="oc-278"/>
      </symbol>
      <symbol id="sm-a6">
         <name>initADC</name>
         <value>0x8726</value>
         <object_component_ref idref="oc-272"/>
      </symbol>
      <symbol id="sm-b5">
         <name>SetVREF</name>
         <value>0x8585</value>
         <object_component_ref idref="oc-31e"/>
      </symbol>
      <symbol id="sm-c4">
         <name>code_start</name>
         <value>0x0</value>
         <object_component_ref idref="oc-64"/>
      </symbol>
      <symbol id="sm-312">
         <name>EMPTY_ISR</name>
         <value>0x8772</value>
         <object_component_ref idref="oc-222"/>
      </symbol>
      <symbol id="sm-313">
         <name>ADCA_EVT_ISR</name>
         <value>0x87c0</value>
         <object_component_ref idref="oc-1d4"/>
      </symbol>
      <symbol id="sm-314">
         <name>EPWM6_TZ_ISR</name>
         <value>0x88b0</value>
         <object_component_ref idref="oc-132"/>
      </symbol>
      <symbol id="sm-315">
         <name>ADCA1_ISR</name>
         <value>0x8798</value>
         <object_component_ref idref="oc-ea"/>
      </symbol>
      <symbol id="sm-316">
         <name>ADCC1_ISR</name>
         <value>0x87ca</value>
         <object_component_ref idref="oc-f0"/>
      </symbol>
      <symbol id="sm-317">
         <name>TIMER1_ISR</name>
         <value>0x89a0</value>
         <object_component_ref idref="oc-75"/>
      </symbol>
      <symbol id="sm-318">
         <name>USER2_ISR</name>
         <value>0x89dc</value>
         <object_component_ref idref="oc-a8"/>
      </symbol>
      <symbol id="sm-319">
         <name>DCC0_ISR</name>
         <value>0x881a</value>
         <object_component_ref idref="oc-186"/>
      </symbol>
      <symbol id="sm-31a">
         <name>SCIC_RX_ISR</name>
         <value>0x8964</value>
         <object_component_ref idref="oc-1a4"/>
      </symbol>
      <symbol id="sm-31b">
         <name>SCIC_TX_ISR</name>
         <value>0x896e</value>
         <object_component_ref idref="oc-1aa"/>
      </symbol>
      <symbol id="sm-31c">
         <name>NMI_ISR</name>
         <value>0x8914</value>
         <object_component_ref idref="oc-96"/>
      </symbol>
      <symbol id="sm-31d">
         <name>ADCA2_ISR</name>
         <value>0x87a2</value>
         <object_component_ref idref="oc-1da"/>
      </symbol>
      <symbol id="sm-31e">
         <name>ADCC2_ISR</name>
         <value>0x87d4</value>
         <object_component_ref idref="oc-1f2"/>
      </symbol>
      <symbol id="sm-31f">
         <name>TIMER2_ISR</name>
         <value>0x89aa</value>
         <object_component_ref idref="oc-7e"/>
      </symbol>
      <symbol id="sm-320">
         <name>XINT5_ISR</name>
         <value>0x8a5e</value>
         <object_component_ref idref="oc-210"/>
      </symbol>
      <symbol id="sm-321">
         <name>WAKE_ISR</name>
         <value>0x8a2c</value>
         <object_component_ref idref="oc-10e"/>
      </symbol>
      <symbol id="sm-322">
         <name>EPWM7_TZ_ISR</name>
         <value>0x88c4</value>
         <object_component_ref idref="oc-138"/>
      </symbol>
      <symbol id="sm-323">
         <name>RTOS_ISR</name>
         <value>0x8932</value>
         <object_component_ref idref="oc-8a"/>
      </symbol>
      <symbol id="sm-324">
         <name>EPWM4_ISR</name>
         <value>0x887e</value>
         <object_component_ref idref="oc-150"/>
      </symbol>
      <symbol id="sm-325">
         <name>ADCA3_ISR</name>
         <value>0x87ac</value>
         <object_component_ref idref="oc-1e0"/>
      </symbol>
      <symbol id="sm-326">
         <name>EPWM2_TZ_ISR</name>
         <value>0x8860</value>
         <object_component_ref idref="oc-11a"/>
      </symbol>
      <symbol id="sm-327">
         <name>ADCC3_ISR</name>
         <value>0x87de</value>
         <object_component_ref idref="oc-1f8"/>
      </symbol>
      <symbol id="sm-328">
         <name>XINT4_ISR</name>
         <value>0x8a54</value>
         <object_component_ref idref="oc-20a"/>
      </symbol>
      <symbol id="sm-329">
         <name>EQEP1_ISR</name>
         <value>0x88ce</value>
         <object_component_ref idref="oc-174"/>
      </symbol>
      <symbol id="sm-32a">
         <name>SYS_ERR_ISR</name>
         <value>0x898c</value>
         <object_component_ref idref="oc-102"/>
      </symbol>
      <symbol id="sm-32b">
         <name>NOTUSED_ISR</name>
         <value>0x891e</value>
         <object_component_ref idref="oc-228"/>
      </symbol>
      <symbol id="sm-32c">
         <name>SPIA_RX_ISR</name>
         <value>0x8978</value>
         <object_component_ref idref="oc-17a"/>
      </symbol>
      <symbol id="sm-32d">
         <name>SPIA_TX_ISR</name>
         <value>0x8982</value>
         <object_component_ref idref="oc-180"/>
      </symbol>
      <symbol id="sm-32e">
         <name>EPWM5_ISR</name>
         <value>0x8892</value>
         <object_component_ref idref="oc-156"/>
      </symbol>
      <symbol id="sm-32f">
         <name>USER5_ISR</name>
         <value>0x89fa</value>
         <object_component_ref idref="oc-ba"/>
      </symbol>
      <symbol id="sm-330">
         <name>EPWM4_TZ_ISR</name>
         <value>0x8888</value>
         <object_component_ref idref="oc-126"/>
      </symbol>
      <symbol id="sm-331">
         <name>EPWM3_TZ_ISR</name>
         <value>0x8874</value>
         <object_component_ref idref="oc-120"/>
      </symbol>
      <symbol id="sm-332">
         <name>EPWM6_ISR</name>
         <value>0x88a6</value>
         <object_component_ref idref="oc-15c"/>
      </symbol>
      <symbol id="sm-333">
         <name>EMU_ISR</name>
         <value>0x8838</value>
         <object_component_ref idref="oc-90"/>
      </symbol>
      <symbol id="sm-334">
         <name>USER11_ISR</name>
         <value>0x89be</value>
         <object_component_ref idref="oc-de"/>
      </symbol>
      <symbol id="sm-335">
         <name>USER4_ISR</name>
         <value>0x89f0</value>
         <object_component_ref idref="oc-b4"/>
      </symbol>
      <symbol id="sm-336">
         <name>SCIA_RX_ISR</name>
         <value>0x893c</value>
         <object_component_ref idref="oc-1b0"/>
      </symbol>
      <symbol id="sm-337">
         <name>SCIA_TX_ISR</name>
         <value>0x8946</value>
         <object_component_ref idref="oc-1b6"/>
      </symbol>
      <symbol id="sm-338">
         <name>ECAP1_ISR</name>
         <value>0x8824</value>
         <object_component_ref idref="oc-168"/>
      </symbol>
      <symbol id="sm-339">
         <name>ADCA4_ISR</name>
         <value>0x87b6</value>
         <object_component_ref idref="oc-1e6"/>
      </symbol>
      <symbol id="sm-33a">
         <name>ADCC4_ISR</name>
         <value>0x87e8</value>
         <object_component_ref idref="oc-1fe"/>
      </symbol>
      <symbol id="sm-33b">
         <name>EPWM7_ISR</name>
         <value>0x88ba</value>
         <object_component_ref idref="oc-162"/>
      </symbol>
      <symbol id="sm-33c">
         <name>USER10_ISR</name>
         <value>0x89b4</value>
         <object_component_ref idref="oc-d8"/>
      </symbol>
      <symbol id="sm-33d">
         <name>XINT1_ISR</name>
         <value>0x8a36</value>
         <object_component_ref idref="oc-f6"/>
      </symbol>
      <symbol id="sm-33e">
         <name>USER7_ISR</name>
         <value>0x8a0e</value>
         <object_component_ref idref="oc-c6"/>
      </symbol>
      <symbol id="sm-33f">
         <name>USER9_ISR</name>
         <value>0x8a22</value>
         <object_component_ref idref="oc-d2"/>
      </symbol>
      <symbol id="sm-340">
         <name>ECAP2_ISR</name>
         <value>0x882e</value>
         <object_component_ref idref="oc-16e"/>
      </symbol>
      <symbol id="sm-341">
         <name>EPWM5_TZ_ISR</name>
         <value>0x889c</value>
         <object_component_ref idref="oc-12c"/>
      </symbol>
      <symbol id="sm-342">
         <name>FLSS_ISR</name>
         <value>0x88d8</value>
         <object_component_ref idref="oc-216"/>
      </symbol>
      <symbol id="sm-343">
         <name>I2CB_FIFO_ISR</name>
         <value>0x88f6</value>
         <object_component_ref idref="oc-19e"/>
      </symbol>
      <symbol id="sm-344">
         <name>USER6_ISR</name>
         <value>0x8a04</value>
         <object_component_ref idref="oc-c0"/>
      </symbol>
      <symbol id="sm-345">
         <name>USER8_ISR</name>
         <value>0x8a18</value>
         <object_component_ref idref="oc-cc"/>
      </symbol>
      <symbol id="sm-346">
         <name>EPWM1_ISR</name>
         <value>0x8842</value>
         <object_component_ref idref="oc-13e"/>
      </symbol>
      <symbol id="sm-347">
         <name>USER12_ISR</name>
         <value>0x89c8</value>
         <object_component_ref idref="oc-e4"/>
      </symbol>
      <symbol id="sm-348">
         <name>XINT3_ISR</name>
         <value>0x8a4a</value>
         <object_component_ref idref="oc-204"/>
      </symbol>
      <symbol id="sm-349">
         <name>USER1_ISR</name>
         <value>0x89d2</value>
         <object_component_ref idref="oc-a2"/>
      </symbol>
      <symbol id="sm-34a">
         <name>I2CA_ISR</name>
         <value>0x88ec</value>
         <object_component_ref idref="oc-18c"/>
      </symbol>
      <symbol id="sm-34b">
         <name>CANA0_ISR</name>
         <value>0x87fc</value>
         <object_component_ref idref="oc-1c8"/>
      </symbol>
      <symbol id="sm-34c">
         <name>EPWM1_TZ_ISR</name>
         <value>0x884c</value>
         <object_component_ref idref="oc-114"/>
      </symbol>
      <symbol id="sm-34d">
         <name>I2CA_FIFO_ISR</name>
         <value>0x88e2</value>
         <object_component_ref idref="oc-192"/>
      </symbol>
      <symbol id="sm-34e">
         <name>EPWM2_ISR</name>
         <value>0x8856</value>
         <object_component_ref idref="oc-144"/>
      </symbol>
      <symbol id="sm-34f">
         <name>ADCC_EVT_ISR</name>
         <value>0x87f2</value>
         <object_component_ref idref="oc-1ec"/>
      </symbol>
      <symbol id="sm-350">
         <name>DATALOG_ISR</name>
         <value>0x8810</value>
         <object_component_ref idref="oc-84"/>
      </symbol>
      <symbol id="sm-351">
         <name>XINT2_ISR</name>
         <value>0x8a40</value>
         <object_component_ref idref="oc-fc"/>
      </symbol>
      <symbol id="sm-352">
         <name>PIE_RESERVED_ISR</name>
         <value>0x8928</value>
         <object_component_ref idref="oc-21c"/>
      </symbol>
      <symbol id="sm-353">
         <name>SCIB_RX_ISR</name>
         <value>0x8950</value>
         <object_component_ref idref="oc-1bc"/>
      </symbol>
      <symbol id="sm-354">
         <name>SCIB_TX_ISR</name>
         <value>0x895a</value>
         <object_component_ref idref="oc-1c2"/>
      </symbol>
      <symbol id="sm-355">
         <name>I2CB_ISR</name>
         <value>0x8900</value>
         <object_component_ref idref="oc-198"/>
      </symbol>
      <symbol id="sm-356">
         <name>CANA1_ISR</name>
         <value>0x8806</value>
         <object_component_ref idref="oc-1ce"/>
      </symbol>
      <symbol id="sm-357">
         <name>ILLEGAL_ISR</name>
         <value>0x890a</value>
         <object_component_ref idref="oc-9c"/>
      </symbol>
      <symbol id="sm-358">
         <name>EPWM3_ISR</name>
         <value>0x886a</value>
         <object_component_ref idref="oc-14a"/>
      </symbol>
      <symbol id="sm-359">
         <name>TIMER0_ISR</name>
         <value>0x8996</value>
         <object_component_ref idref="oc-108"/>
      </symbol>
      <symbol id="sm-35a">
         <name>USER3_ISR</name>
         <value>0x89e6</value>
         <object_component_ref idref="oc-ae"/>
      </symbol>
      <symbol id="sm-3a2">
         <name>AdccRegs</name>
         <value>0x7500</value>
         <object_component_ref idref="oc-38e"/>
      </symbol>
      <symbol id="sm-3a3">
         <name>ClkCfgRegs</name>
         <value>0x5d200</value>
         <object_component_ref idref="oc-35e"/>
      </symbol>
      <symbol id="sm-3a4">
         <name>PieVectTable</name>
         <value>0xd00</value>
         <object_component_ref idref="oc-284"/>
      </symbol>
      <symbol id="sm-3a5">
         <name>GpioCtrlRegs</name>
         <value>0x7c00</value>
         <object_component_ref idref="oc-313"/>
      </symbol>
      <symbol id="sm-3a6">
         <name>Dcc0Regs</name>
         <value>0x5e700</value>
         <object_component_ref idref="oc-3e4"/>
      </symbol>
      <symbol id="sm-3a7">
         <name>CpuSysRegs</name>
         <value>0x5d300</value>
         <object_component_ref idref="oc-287"/>
      </symbol>
      <symbol id="sm-3a8">
         <name>AdcaResultRegs</name>
         <value>0xb00</value>
         <object_component_ref idref="oc-24e"/>
      </symbol>
      <symbol id="sm-3a9">
         <name>PieCtrlRegs</name>
         <value>0xce0</value>
         <object_component_ref idref="oc-254"/>
      </symbol>
      <symbol id="sm-3aa">
         <name>WdRegs</name>
         <value>0x7000</value>
         <object_component_ref idref="oc-35a"/>
      </symbol>
      <symbol id="sm-3ab">
         <name>GpioDataRegs</name>
         <value>0x7f00</value>
         <object_component_ref idref="oc-316"/>
      </symbol>
      <symbol id="sm-3ac">
         <name>EPwm1Regs</name>
         <value>0x4000</value>
         <object_component_ref idref="oc-28a"/>
      </symbol>
      <symbol id="sm-3ad">
         <name>AnalogSubsysRegs</name>
         <value>0x5d700</value>
         <object_component_ref idref="oc-391"/>
      </symbol>
      <symbol id="sm-3ae">
         <name>AdcaRegs</name>
         <value>0x7400</value>
         <object_component_ref idref="oc-251"/>
      </symbol>
      <symbol id="sm-3c0">
         <name>InitGpio</name>
         <value>0x8513</value>
         <object_component_ref idref="oc-260"/>
      </symbol>
      <symbol id="sm-3cd">
         <name>InitPieCtrl</name>
         <value>0x8682</value>
         <object_component_ref idref="oc-266"/>
      </symbol>
      <symbol id="sm-3e1">
         <name>InitPieVectTable</name>
         <value>0x863d</value>
         <object_component_ref idref="oc-26c"/>
      </symbol>
      <symbol id="sm-3e2">
         <name>PieVectTableInit</name>
         <value>0x8000</value>
         <object_component_ref idref="oc-7b"/>
      </symbol>
      <symbol id="sm-45d">
         <name>ComputeCntrSeedValue</name>
         <value>0x840f</value>
         <object_component_ref idref="oc-3ec"/>
      </symbol>
      <symbol id="sm-45e">
         <name>IsPLLValid</name>
         <value>0x82f2</value>
         <object_component_ref idref="oc-379"/>
      </symbol>
      <symbol id="sm-45f">
         <name>InitPeripheralClocks</name>
         <value>0x84d0</value>
         <object_component_ref idref="oc-30b"/>
      </symbol>
      <symbol id="sm-460">
         <name>SysIntOsc1Sel</name>
         <value>0x8a68</value>
         <object_component_ref idref="oc-361"/>
      </symbol>
      <symbol id="sm-461">
         <name>SysXtalOscSel</name>
         <value>0x8662</value>
         <object_component_ref idref="oc-36d"/>
      </symbol>
      <symbol id="sm-462">
         <name>SysXtalOscSESel</name>
         <value>0x873c</value>
         <object_component_ref idref="oc-373"/>
      </symbol>
      <symbol id="sm-463">
         <name>InitSysCtrl</name>
         <value>0x8751</value>
         <object_component_ref idref="oc-25a"/>
      </symbol>
      <symbol id="sm-464">
         <name>DisableDog</name>
         <value>0x8765</value>
         <object_component_ref idref="oc-2ff"/>
      </symbol>
      <symbol id="sm-465">
         <name>InitSysPll</name>
         <value>0x820c</value>
         <object_component_ref idref="oc-305"/>
      </symbol>
      <symbol id="sm-466">
         <name>SysIntOsc2Sel</name>
         <value>0x8a8a</value>
         <object_component_ref idref="oc-367"/>
      </symbol>
      <symbol id="sm-46f">
         <name>F28x_usDelay</name>
         <value>0x128</value>
         <object_component_ref idref="oc-324"/>
      </symbol>
      <symbol id="sm-479">
         <name>_c_int00</name>
         <value>0x870f</value>
         <object_component_ref idref="oc-2ee"/>
      </symbol>
      <symbol id="sm-47a">
         <name>__stack</name>
         <value>0x400</value>
         <object_component_ref idref="oc-22e"/>
      </symbol>
      <symbol id="sm-487">
         <name>__c28xabi_divf</name>
         <value>0x8387</value>
         <object_component_ref idref="oc-3e7"/>
      </symbol>
      <symbol id="sm-495">
         <name>_system_pre_init</name>
         <value>0x8a91</value>
         <object_component_ref idref="oc-343"/>
      </symbol>
      <symbol id="sm-4a4">
         <name>__TI_auto_init_nobinit_nopinit</name>
         <value>0x85e9</value>
         <object_component_ref idref="oc-39c"/>
      </symbol>
      <symbol id="sm-4b3">
         <name>__TI_zero_init_nomemset</name>
         <value>0x877f</value>
         <object_component_ref idref="oc-239"/>
      </symbol>
      <symbol id="sm-4c0">
         <name>__TI_decompress_none</name>
         <value>0x8a7a</value>
         <object_component_ref idref="oc-5d"/>
      </symbol>
      <symbol id="sm-4d4">
         <name>__TI_decompress_lzss</name>
         <value>0x85b9</value>
         <object_component_ref idref="oc-57"/>
      </symbol>
      <symbol id="sm-4ea">
         <name>C$$EXIT</name>
         <value>0x8614</value>
         <object_component_ref idref="oc-350"/>
      </symbol>
      <symbol id="sm-4eb">
         <name>abort</name>
         <value>0x8614</value>
         <object_component_ref idref="oc-350"/>
      </symbol>
      <symbol id="sm-4ec">
         <name>exit</name>
         <value>0x8616</value>
         <object_component_ref idref="oc-350"/>
      </symbol>
      <symbol id="sm-4ed">
         <name>__TI_dtors_ptr</name>
         <value>0x8206</value>
         <object_component_ref idref="oc-3ce"/>
      </symbol>
      <symbol id="sm-4ee">
         <name>__TI_cleanup_ptr</name>
         <value>0x8204</value>
         <object_component_ref idref="oc-3ce"/>
      </symbol>
      <symbol id="sm-4ef">
         <name>__TI_enable_exit_profile_output</name>
         <value>0x8202</value>
         <object_component_ref idref="oc-3ce"/>
      </symbol>
      <symbol id="sm-506">
         <name>_nop</name>
         <value>0x8a79</value>
         <object_component_ref idref="oc-417"/>
      </symbol>
      <symbol id="sm-507">
         <name>_lock</name>
         <value>0x8208</value>
         <object_component_ref idref="oc-3d1"/>
      </symbol>
      <symbol id="sm-508">
         <name>_unlock</name>
         <value>0x820a</value>
         <object_component_ref idref="oc-42f"/>
      </symbol>
      <symbol id="sm-509">
         <name>_register_lock</name>
         <value>0x8a75</value>
         <object_component_ref idref="oc-417"/>
      </symbol>
      <symbol id="sm-50a">
         <name>_register_unlock</name>
         <value>0x8a71</value>
         <object_component_ref idref="oc-417"/>
      </symbol>
      <symbol id="sm-519">
         <name>_args_main</name>
         <value>0x878c</value>
         <object_component_ref idref="oc-34a"/>
      </symbol>
      <symbol id="sm-52d">
         <name>memcpy</name>
         <value>0x86a1</value>
         <object_component_ref idref="oc-231"/>
      </symbol>
      <symbol id="sm-53a">
         <name>_system_post_cinit</name>
         <value>0x8a93</value>
         <object_component_ref idref="oc-3fd"/>
      </symbol>
      <symbol id="sm-53c">
         <name>__c_args__</name>
         <value>0x0</value>
      </symbol>
   </symbol_table>
   <title>Link successful</title>
</link_info>
