******************************************************************************
             TMS320C2000 Linker PC v22.6.1                     
******************************************************************************
>> Linked Thu Dec 12 17:20:56 2024

OUTPUT FILE NAME:   <adc_ex1_soc_epwm.out>
ENTRY POINT SYMBOL: "code_start"  address: 00000000


MEMORY CONFIGURATION

         name            origin    length      used     unused   attr    fill
----------------------  --------  ---------  --------  --------  ----  --------
PAGE 0:
  BEGIN                 00000000   00000002  00000002  00000000  RWIX
  BOOT_RSVD             00000002   00000126  00000000  00000126  RWIX
  RAMM0                 00000128   000002d8  00000026  000002b2  RWIX
  RAMM1                 00000400   000003f8  00000200  000001f8  RWIX
  RAMLS0                00008000   00002000  00000a94  0000156c  RWIX
  RAMLS1                0000a000   00001ff8  00000000  00001ff8  RWIX
  FLASH_BANK0_SEC_0_7   00080002   00001ffe  00000000  00001ffe  RWIX
  FLASH_BANK0_SEC_8_15  00082000   00002000  00000000  00002000  RWIX
  FLASH_BANK0_SEC_16_23 00084000   00002000  00000000  00002000  RWIX
  FLASH_BANK0_SEC_24_31 00086000   00002000  00000000  00002000  RWIX
  FLASH_BANK0_SEC_32_39 00088000   00002000  00000000  00002000  RWIX
  FLASH_BANK0_SEC_40_47 0008a000   00002000  00000000  00002000  RWIX
  FLASH_BANK0_SEC_48_55 0008c000   00002000  00000000  00002000  RWIX
  FLASH_BANK0_SEC_56_63 0008e000   00002000  00000000  00002000  RWIX
  FLASH_BANK0_SEC_64_71 00090000   00002000  00000000  00002000  RWIX
  FLASH_BANK0_SEC_72_79 00092000   00002000  00000000  00002000  RWIX
  FLASH_BANK0_SEC_80_87 00094000   00002000  00000000  00002000  RWIX
  FLASH_BANK0_SEC_88_95 00096000   00002000  00000000  00002000  RWIX
  FLASH_BANK0_SEC_96_10 00098000   00002000  00000000  00002000  RWIX
  FLASH_BANK0_SEC_104_1 0009a000   00002000  00000000  00002000  RWIX
  FLASH_BANK0_SEC_112_1 0009c000   00002000  00000000  00002000  RWIX
  FLASH_BANK0_SEC_120_1 0009e000   00001ff0  00000000  00001ff0  RWIX
  RESET                 003fffc0   00000002  00000000  00000002  RWIX

PAGE 1:
  ADCARESULT            00000b00   00000018  00000018  00000000  RWIX
  ADCCRESULT            00000b40   00000018  00000000  00000018  RWIX
  CPUTIMER0             00000c00   00000008  00000000  00000008  RWIX
  CPUTIMER1             00000c08   00000008  00000000  00000008  RWIX
  CPUTIMER2             00000c10   00000008  00000000  00000008  RWIX
  PIECTRL               00000ce0   0000001a  0000001a  00000000  RWIX
  PIEVECTTABLE          00000d00   00000200  00000100  00000100  RWIX
  EPWM1                 00004000   00000100  00000100  00000000  RWIX
  EPWM2                 00004100   00000100  00000000  00000100  RWIX
  EPWM3                 00004200   00000100  00000000  00000100  RWIX
  EPWM4                 00004300   00000100  00000000  00000100  RWIX
  EPWM5                 00004400   00000100  00000000  00000100  RWIX
  EPWM6                 00004500   00000100  00000000  00000100  RWIX
  EPWM7                 00004600   00000100  00000000  00000100  RWIX
  EQEP1                 00005100   00000040  00000000  00000040  RWIX
  ECAP1                 00005200   00000020  00000000  00000020  RWIX
  ECAP2                 00005240   00000020  00000000  00000020  RWIX
  CMPSS1                00005500   00000040  00000000  00000040  RWIX
  CMPSSLITE2            00005540   00000040  00000000  00000040  RWIX
  CMPSSLITE3            00005580   00000040  00000000  00000040  RWIX
  CMPSSLITE4            000055c0   00000040  00000000  00000040  RWIX
  SPIA                  00006100   00000010  00000000  00000010  RWIX
  WD                    00007000   0000002c  0000002b  00000001  RWIX
  NMIINTRUPT            00007060   00000010  00000000  00000010  RWIX
  XINT                  00007070   0000000c  00000000  0000000c  RWIX
  SCIA                  00007200   00000010  00000000  00000010  RWIX
  SCIB                  00007210   00000010  00000000  00000010  RWIX
  SCIC                  00007220   00000010  00000000  00000010  RWIX
  I2CA                  00007300   00000022  00000000  00000022  RWIX
  I2CB                  00007340   00000022  00000000  00000022  RWIX
  ADCA                  00007400   00000080  00000076  0000000a  RWIX
  ADCC                  00007500   00000080  00000076  0000000a  RWIX
  INPUTXBAR             00007900   00000020  00000000  00000020  RWIX
  XBAR                  00007920   00000020  00000000  00000020  RWIX
  SYNCSOC               00007940   00000006  00000000  00000006  RWIX
  EPWMXBAR              00007a00   00000040  00000000  00000040  RWIX
  OUTPUTXBAR            00007a80   00000040  00000000  00000040  RWIX
  GPIOCTRL              00007c00   00000200  00000200  00000000  RWIX
  GPIODATA              00007f00   00000040  00000040  00000000  RWIX
  GPIODATAREAD          00007f80   00000010  00000000  00000010  RWIX
  CANA                  00048000   00000200  00000000  00000200  RWIX
  DEVCFG                0005d000   000001ac  00000000  000001ac  RWIX
  CLKCFG                0005d200   00000100  0000003e  000000c2  RWIX
  CPUSYS                0005d300   00000100  000000b0  00000050  RWIX
  SYSSTATUS             0005d400   00000040  00000000  00000040  RWIX
  ANALOGSUBSYS          0005d700   0000012a  0000011a  00000010  RWIX
  DCC0                  0005e700   00000038  0000002c  0000000c  RWIX
  EPG1                  0005ec00   00000050  00000000  00000050  RWIX
  EPG1MUX               0005ecd0   00000010  00000000  00000010  RWIX
  DCSMZ1                0005f000   0000003e  00000000  0000003e  RWIX
  DCSMZ2                0005f080   0000003e  00000000  0000003e  RWIX
  DCSMCOMMON            0005f0c0   00000040  00000000  00000040  RWIX
  MEMCFG                0005f400   000000c0  00000000  000000c0  RWIX
  ACCESSPROTECTION      0005f500   0000003e  00000000  0000003e  RWIX
  MEMORYERROR           0005f540   00000040  00000000  00000040  RWIX
  TESTERROR             0005f590   00000010  00000000  00000010  RWIX
  FLASH0CTRL            0005f800   00000182  00000000  00000182  RWIX
  FLASH0ECC             0005fb00   00000028  00000000  00000028  RWIX
  DCSMZ1OTP             00078000   00000020  00000000  00000020  RWIX
  DCSMZ2OTP             00078200   00000020  00000000  00000020  RWIX


SECTION ALLOCATION MAP

 output                                  attributes/
section   page    origin      length       input sections
--------  ----  ----------  ----------   ----------------
codestart 
*          0    00000000    00000002     
                  00000000    00000002     f280013x_codestartbranch.obj (codestart)

.TI.ramfunc 
*          0    00000128    00000004     
                  00000128    00000004     f280013x_usdelay.obj (.TI.ramfunc)

.cinit     0    0000012c    00000022     
                  0000012c    00000008     (.cinit..data.load) [load image, compression = lzss]
                  00000134    00000006     (__TI_handler_table)
                  0000013a    00000004     (.cinit..bss.load) [load image, compression = zero_init]
                  0000013e    00000004     (.cinit.PieVectTableFile.load) [load image, compression = zero_init]
                  00000142    0000000c     (__TI_cinit_table)

.reset     0    003fffc0    00000000     DSECT

.stack     0    00000400    00000200     UNINITIALIZED
                  00000400    00000200     --HOLE--

.bss       0    00008100    00000102     UNINITIALIZED
                  00008100    00000100     adc_ex1_soc_epwm.obj (.bss:adcAResults)
                  00008200    00000002     adc_ex1_soc_epwm.obj (.bss)

.init_array 
*          0    00000128    00000000     UNINITIALIZED

.const     0    00008000    00000100     
                  00008000    00000100     f280013x_pievect.obj (.const)

.data      0    00008202    0000000a     UNINITIALIZED
                  00008202    00000006     rts2800_fpu32_eabi.lib : exit.c.obj (.data)
                  00008208    00000002                            : _lock.c.obj (.data:_lock)
                  0000820a    00000002                            : _lock.c.obj (.data:_unlock)

AdcaResultRegsFile 
*          1    00000b00    00000018     UNINITIALIZED
                  00000b00    00000018     f280013x_globalvariabledefs.obj (AdcaResultRegsFile)

PieVectTableFile 
*          1    00000d00    00000100     UNINITIALIZED
                  00000d00    00000100     f280013x_globalvariabledefs.obj (PieVectTableFile)

EmuKeyVar 
*          1    00000d00    00000000     UNINITIALIZED

EmuBModeVar 
*          1    00000d00    00000000     UNINITIALIZED

EmuBootPinsVar 
*          1    00000d00    00000000     UNINITIALIZED

FlashCallbackVar 
*          1    00000d00    00000000     UNINITIALIZED

FlashScalingVar 
*          1    00000d00    00000000     UNINITIALIZED

AdcaRegsFile 
*          1    00007400    00000076     UNINITIALIZED
                  00007400    00000076     f280013x_globalvariabledefs.obj (AdcaRegsFile)

AdccRegsFile 
*          1    00007500    00000076     UNINITIALIZED
                  00007500    00000076     f280013x_globalvariabledefs.obj (AdccRegsFile)

AnalogSubsysRegsFile 
*          1    0005d700    0000011a     UNINITIALIZED
                  0005d700    0000011a     f280013x_globalvariabledefs.obj (AnalogSubsysRegsFile)

ClkCfgRegsFile 
*          1    0005d200    0000003e     UNINITIALIZED
                  0005d200    0000003e     f280013x_globalvariabledefs.obj (ClkCfgRegsFile)

CpuSysRegsFile 
*          1    0005d300    000000b0     UNINITIALIZED
                  0005d300    000000b0     f280013x_globalvariabledefs.obj (CpuSysRegsFile)

Dcc0RegsFile 
*          1    0005e700    0000002c     UNINITIALIZED
                  0005e700    0000002c     f280013x_globalvariabledefs.obj (Dcc0RegsFile)

EPwm1RegsFile 
*          1    00004000    00000100     UNINITIALIZED
                  00004000    00000100     f280013x_globalvariabledefs.obj (EPwm1RegsFile)

GpioCtrlRegsFile 
*          1    00007c00    00000200     UNINITIALIZED
                  00007c00    00000200     f280013x_globalvariabledefs.obj (GpioCtrlRegsFile)

GpioDataRegsFile 
*          1    00007f00    00000040     UNINITIALIZED
                  00007f00    00000040     f280013x_globalvariabledefs.obj (GpioDataRegsFile)

PieCtrlRegsFile 
*          1    00000ce0    0000001a     UNINITIALIZED
                  00000ce0    0000001a     f280013x_globalvariabledefs.obj (PieCtrlRegsFile)

WdRegsFile 
*          1    00007000    0000002b     UNINITIALIZED
                  00007000    0000002b     f280013x_globalvariabledefs.obj (WdRegsFile)

.text      0    0000820c    00000888     
                  0000820c    000000e6     f280013x_sysctrl.obj (.text:InitSysPll)
                  000082f2    00000095     f280013x_sysctrl.obj (.text:IsPLLValid)
                  00008387    00000088     rts2800_fpu32_eabi.lib : fs_div28.asm.obj (.text)
                  0000840f    00000070     f280013x_sysctrl.obj (.text:ComputeCntrSeedValue)
                  0000847f    00000051     adc_ex1_soc_epwm.obj (.text:main)
                  000084d0    00000043     f280013x_sysctrl.obj (.text:InitPeripheralClocks)
                  00008513    0000003d     f280013x_gpio.obj (.text:InitGpio)
                  00008550    00000035     adc_ex1_soc_epwm.obj (.text:adcA1ISR)
                  00008585    00000034     f280013x_adc.obj (.text:SetVREF)
                  000085b9    00000030     rts2800_fpu32_eabi.lib : copy_decompress_lzss.c.obj (.text:decompress:lzss)
                  000085e9    0000002b                            : autoinit.c.obj (.text:__TI_auto_init_nobinit_nopinit)
                  00008614    00000029                            : exit.c.obj (.text)
                  0000863d    00000025     f280013x_pievect.obj (.text:InitPieVectTable)
                  00008662    00000020     f280013x_sysctrl.obj (.text:SysXtalOscSel)
                  00008682    0000001f     f280013x_piectrl.obj (.text:InitPieCtrl)
                  000086a1    0000001d     rts2800_fpu32_eabi.lib : memcpy.c.obj (.text)
                  000086be    0000001b     f280013x_sysctrl.obj (.text:PollX1Counter)
                  000086d9    0000001b     adc_ex1_soc_epwm.obj (.text:initADCSOC)
                  000086f4    0000001b     adc_ex1_soc_epwm.obj (.text:initEPWM)
                  0000870f    00000017     rts2800_fpu32_eabi.lib : boot28.asm.obj (.text)
                  00008726    00000016     adc_ex1_soc_epwm.obj (.text:initADC)
                  0000873c    00000015     f280013x_sysctrl.obj (.text:SysXtalOscSESel)
                  00008751    00000014     f280013x_sysctrl.obj (.text:InitSysCtrl)
                  00008765    0000000d     f280013x_sysctrl.obj (.text:DisableDog)
                  00008772    0000000d     f280013x_defaultisr.obj (.text:EMPTY_ISR)
                  0000877f    0000000d     rts2800_fpu32_eabi.lib : copy_zero_init.c.obj (.text:decompress:ZI:__TI_zero_init_nomemset)
                  0000878c    0000000c                            : args_main.c.obj (.text)
                  00008798    0000000a     f280013x_defaultisr.obj (.text:ADCA1_ISR)
                  000087a2    0000000a     f280013x_defaultisr.obj (.text:ADCA2_ISR)
                  000087ac    0000000a     f280013x_defaultisr.obj (.text:ADCA3_ISR)
                  000087b6    0000000a     f280013x_defaultisr.obj (.text:ADCA4_ISR)
                  000087c0    0000000a     f280013x_defaultisr.obj (.text:ADCA_EVT_ISR)
                  000087ca    0000000a     f280013x_defaultisr.obj (.text:ADCC1_ISR)
                  000087d4    0000000a     f280013x_defaultisr.obj (.text:ADCC2_ISR)
                  000087de    0000000a     f280013x_defaultisr.obj (.text:ADCC3_ISR)
                  000087e8    0000000a     f280013x_defaultisr.obj (.text:ADCC4_ISR)
                  000087f2    0000000a     f280013x_defaultisr.obj (.text:ADCC_EVT_ISR)
                  000087fc    0000000a     f280013x_defaultisr.obj (.text:CANA0_ISR)
                  00008806    0000000a     f280013x_defaultisr.obj (.text:CANA1_ISR)
                  00008810    0000000a     f280013x_defaultisr.obj (.text:DATALOG_ISR)
                  0000881a    0000000a     f280013x_defaultisr.obj (.text:DCC0_ISR)
                  00008824    0000000a     f280013x_defaultisr.obj (.text:ECAP1_ISR)
                  0000882e    0000000a     f280013x_defaultisr.obj (.text:ECAP2_ISR)
                  00008838    0000000a     f280013x_defaultisr.obj (.text:EMU_ISR)
                  00008842    0000000a     f280013x_defaultisr.obj (.text:EPWM1_ISR)
                  0000884c    0000000a     f280013x_defaultisr.obj (.text:EPWM1_TZ_ISR)
                  00008856    0000000a     f280013x_defaultisr.obj (.text:EPWM2_ISR)
                  00008860    0000000a     f280013x_defaultisr.obj (.text:EPWM2_TZ_ISR)
                  0000886a    0000000a     f280013x_defaultisr.obj (.text:EPWM3_ISR)
                  00008874    0000000a     f280013x_defaultisr.obj (.text:EPWM3_TZ_ISR)
                  0000887e    0000000a     f280013x_defaultisr.obj (.text:EPWM4_ISR)
                  00008888    0000000a     f280013x_defaultisr.obj (.text:EPWM4_TZ_ISR)
                  00008892    0000000a     f280013x_defaultisr.obj (.text:EPWM5_ISR)
                  0000889c    0000000a     f280013x_defaultisr.obj (.text:EPWM5_TZ_ISR)
                  000088a6    0000000a     f280013x_defaultisr.obj (.text:EPWM6_ISR)
                  000088b0    0000000a     f280013x_defaultisr.obj (.text:EPWM6_TZ_ISR)
                  000088ba    0000000a     f280013x_defaultisr.obj (.text:EPWM7_ISR)
                  000088c4    0000000a     f280013x_defaultisr.obj (.text:EPWM7_TZ_ISR)
                  000088ce    0000000a     f280013x_defaultisr.obj (.text:EQEP1_ISR)
                  000088d8    0000000a     f280013x_defaultisr.obj (.text:FLSS_ISR)
                  000088e2    0000000a     f280013x_defaultisr.obj (.text:I2CA_FIFO_ISR)
                  000088ec    0000000a     f280013x_defaultisr.obj (.text:I2CA_ISR)
                  000088f6    0000000a     f280013x_defaultisr.obj (.text:I2CB_FIFO_ISR)
                  00008900    0000000a     f280013x_defaultisr.obj (.text:I2CB_ISR)
                  0000890a    0000000a     f280013x_defaultisr.obj (.text:ILLEGAL_ISR)
                  00008914    0000000a     f280013x_defaultisr.obj (.text:NMI_ISR)
                  0000891e    0000000a     f280013x_defaultisr.obj (.text:NOTUSED_ISR)
                  00008928    0000000a     f280013x_defaultisr.obj (.text:PIE_RESERVED_ISR)
                  00008932    0000000a     f280013x_defaultisr.obj (.text:RTOS_ISR)
                  0000893c    0000000a     f280013x_defaultisr.obj (.text:SCIA_RX_ISR)
                  00008946    0000000a     f280013x_defaultisr.obj (.text:SCIA_TX_ISR)
                  00008950    0000000a     f280013x_defaultisr.obj (.text:SCIB_RX_ISR)
                  0000895a    0000000a     f280013x_defaultisr.obj (.text:SCIB_TX_ISR)
                  00008964    0000000a     f280013x_defaultisr.obj (.text:SCIC_RX_ISR)
                  0000896e    0000000a     f280013x_defaultisr.obj (.text:SCIC_TX_ISR)
                  00008978    0000000a     f280013x_defaultisr.obj (.text:SPIA_RX_ISR)
                  00008982    0000000a     f280013x_defaultisr.obj (.text:SPIA_TX_ISR)
                  0000898c    0000000a     f280013x_defaultisr.obj (.text:SYS_ERR_ISR)
                  00008996    0000000a     f280013x_defaultisr.obj (.text:TIMER0_ISR)
                  000089a0    0000000a     f280013x_defaultisr.obj (.text:TIMER1_ISR)
                  000089aa    0000000a     f280013x_defaultisr.obj (.text:TIMER2_ISR)
                  000089b4    0000000a     f280013x_defaultisr.obj (.text:USER10_ISR)
                  000089be    0000000a     f280013x_defaultisr.obj (.text:USER11_ISR)
                  000089c8    0000000a     f280013x_defaultisr.obj (.text:USER12_ISR)
                  000089d2    0000000a     f280013x_defaultisr.obj (.text:USER1_ISR)
                  000089dc    0000000a     f280013x_defaultisr.obj (.text:USER2_ISR)
                  000089e6    0000000a     f280013x_defaultisr.obj (.text:USER3_ISR)
                  000089f0    0000000a     f280013x_defaultisr.obj (.text:USER4_ISR)
                  000089fa    0000000a     f280013x_defaultisr.obj (.text:USER5_ISR)
                  00008a04    0000000a     f280013x_defaultisr.obj (.text:USER6_ISR)
                  00008a0e    0000000a     f280013x_defaultisr.obj (.text:USER7_ISR)
                  00008a18    0000000a     f280013x_defaultisr.obj (.text:USER8_ISR)
                  00008a22    0000000a     f280013x_defaultisr.obj (.text:USER9_ISR)
                  00008a2c    0000000a     f280013x_defaultisr.obj (.text:WAKE_ISR)
                  00008a36    0000000a     f280013x_defaultisr.obj (.text:XINT1_ISR)
                  00008a40    0000000a     f280013x_defaultisr.obj (.text:XINT2_ISR)
                  00008a4a    0000000a     f280013x_defaultisr.obj (.text:XINT3_ISR)
                  00008a54    0000000a     f280013x_defaultisr.obj (.text:XINT4_ISR)
                  00008a5e    0000000a     f280013x_defaultisr.obj (.text:XINT5_ISR)
                  00008a68    00000009     f280013x_sysctrl.obj (.text:SysIntOsc1Sel)
                  00008a71    00000009     rts2800_fpu32_eabi.lib : _lock.c.obj (.text)
                  00008a7a    00000008                            : copy_decompress_none.c.obj (.text:decompress:none)
                  00008a82    00000008     f280013x_codestartbranch.obj (.text)
                  00008a8a    00000007     f280013x_sysctrl.obj (.text:SysIntOsc2Sel)
                  00008a91    00000002     rts2800_fpu32_eabi.lib : pre_init.c.obj (.text)
                  00008a93    00000001                            : startup.c.obj (.text)

MODULE SUMMARY

       Module                            code   ro data   rw data
       ------                            ----   -------   -------
    .\
       f280013x_globalvariabledefs.obj   0      0         1981   
       f280013x_defaultisr.obj           733    0         0      
       f280013x_sysctrl.obj              687    0         0      
       adc_ex1_soc_epwm.obj              210    0         258    
       f280013x_pievect.obj              37     256       0      
       f280013x_gpio.obj                 61     0         0      
       f280013x_adc.obj                  52     0         0      
       f280013x_piectrl.obj              31     0         0      
       f280013x_codestartbranch.obj      10     0         0      
       f280013x_usdelay.obj              4      0         0      
    +--+---------------------------------+------+---------+---------+
       Total:                            1825   256       2239   
                                                                 
    C:\ti\ccs1271\ccs\tools\compiler\ti-cgt-c2000_22.6.1.LTS\lib\rts2800_fpu32_eabi.lib
       fs_div28.asm.obj                  136    0         0      
       copy_decompress_lzss.c.obj        48     0         0      
       exit.c.obj                        41     0         6      
       autoinit.c.obj                    43     0         0      
       memcpy.c.obj                      29     0         0      
       boot28.asm.obj                    23     0         0      
       _lock.c.obj                       9      0         4      
       copy_zero_init.c.obj              13     0         0      
       args_main.c.obj                   12     0         0      
       copy_decompress_none.c.obj        8      0         0      
       pre_init.c.obj                    2      0         0      
       startup.c.obj                     1      0         0      
    +--+---------------------------------+------+---------+---------+
       Total:                            365    0         10     
                                                                 
       Stack:                            0      0         512    
       Linker Generated:                 0      34        0      
    +--+---------------------------------+------+---------+---------+
       Grand Total:                      2190   290       2761   


LINKER GENERATED COPY TABLES

__TI_cinit_table @ 00000142 records: 3, size/record: 4, table size: 12
	.data: load addr=0000012c, load size=00000008 bytes, run addr=00008202, run size=0000000a bytes, compression=lzss
	.bss: load addr=0000013a, load size=00000004 bytes, run addr=00008100, run size=00000102 bytes, compression=zero_init
	PieVectTableFile: load addr=0000013e, load size=00000004 bytes, run addr=00000d00, run size=00000100 bytes, compression=zero_init


LINKER GENERATED HANDLER TABLE

__TI_handler_table @ 00000134 records: 3, size/record: 2, table size: 6
	index: 0, handler: __TI_zero_init
	index: 1, handler: __TI_decompress_lzss
	index: 2, handler: __TI_decompress_none


GLOBAL DATA SYMBOLS: SORTED BY DATA PAGE

address     data page           name
--------    ----------------    ----
00000400      10 (00000400)     __stack

00000b00      2c (00000b00)     AdcaResultRegs

00000ce0      33 (00000cc0)     PieCtrlRegs

00000d00      34 (00000d00)     PieVectTable

00004000     100 (00004000)     EPwm1Regs

00007000     1c0 (00007000)     WdRegs

00007400     1d0 (00007400)     AdcaRegs

00007500     1d4 (00007500)     AdccRegs

00007c00     1f0 (00007c00)     GpioCtrlRegs

00007f00     1fc (00007f00)     GpioDataRegs

00008000     200 (00008000)     PieVectTableInit

00008100     204 (00008100)     adcAResults

00008200     208 (00008200)     index
00008201     208 (00008200)     bufferFull
00008202     208 (00008200)     __TI_enable_exit_profile_output
00008204     208 (00008200)     __TI_cleanup_ptr
00008206     208 (00008200)     __TI_dtors_ptr
00008208     208 (00008200)     _lock
0000820a     208 (00008200)     _unlock

0005d200    1748 (0005d200)     ClkCfgRegs

0005d300    174c (0005d300)     CpuSysRegs

0005d700    175c (0005d700)     AnalogSubsysRegs

0005e700    179c (0005e700)     Dcc0Regs


GLOBAL SYMBOLS: SORTED ALPHABETICALLY BY Name 

page  address   name                           
----  -------   ----                           
0     00008798  ADCA1_ISR                      
0     000087a2  ADCA2_ISR                      
0     000087ac  ADCA3_ISR                      
0     000087b6  ADCA4_ISR                      
0     000087c0  ADCA_EVT_ISR                   
0     000087ca  ADCC1_ISR                      
0     000087d4  ADCC2_ISR                      
0     000087de  ADCC3_ISR                      
0     000087e8  ADCC4_ISR                      
0     000087f2  ADCC_EVT_ISR                   
1     00007400  AdcaRegs                       
1     00000b00  AdcaResultRegs                 
1     00007500  AdccRegs                       
1     0005d700  AnalogSubsysRegs               
0     00008614  C$$EXIT                        
0     000087fc  CANA0_ISR                      
0     00008806  CANA1_ISR                      
1     0005d200  ClkCfgRegs                     
0     0000840f  ComputeCntrSeedValue           
1     0005d300  CpuSysRegs                     
0     00008810  DATALOG_ISR                    
0     0000881a  DCC0_ISR                       
1     0005e700  Dcc0Regs                       
0     00008765  DisableDog                     
0     00008824  ECAP1_ISR                      
0     0000882e  ECAP2_ISR                      
0     00008772  EMPTY_ISR                      
0     00008838  EMU_ISR                        
0     00008842  EPWM1_ISR                      
0     0000884c  EPWM1_TZ_ISR                   
0     00008856  EPWM2_ISR                      
0     00008860  EPWM2_TZ_ISR                   
0     0000886a  EPWM3_ISR                      
0     00008874  EPWM3_TZ_ISR                   
0     0000887e  EPWM4_ISR                      
0     00008888  EPWM4_TZ_ISR                   
0     00008892  EPWM5_ISR                      
0     0000889c  EPWM5_TZ_ISR                   
0     000088a6  EPWM6_ISR                      
0     000088b0  EPWM6_TZ_ISR                   
0     000088ba  EPWM7_ISR                      
0     000088c4  EPWM7_TZ_ISR                   
1     00004000  EPwm1Regs                      
0     000088ce  EQEP1_ISR                      
0     00000128  F28x_usDelay                   
0     000088d8  FLSS_ISR                       
1     00007c00  GpioCtrlRegs                   
1     00007f00  GpioDataRegs                   
0     000088e2  I2CA_FIFO_ISR                  
0     000088ec  I2CA_ISR                       
0     000088f6  I2CB_FIFO_ISR                  
0     00008900  I2CB_ISR                       
0     0000890a  ILLEGAL_ISR                    
0     00008513  InitGpio                       
0     000084d0  InitPeripheralClocks           
0     00008682  InitPieCtrl                    
0     0000863d  InitPieVectTable               
0     00008751  InitSysCtrl                    
0     0000820c  InitSysPll                     
0     000082f2  IsPLLValid                     
0     00008914  NMI_ISR                        
0     0000891e  NOTUSED_ISR                    
0     00008928  PIE_RESERVED_ISR               
1     00000ce0  PieCtrlRegs                    
1     00000d00  PieVectTable                   
0     00008000  PieVectTableInit               
0     00008932  RTOS_ISR                       
0     0000893c  SCIA_RX_ISR                    
0     00008946  SCIA_TX_ISR                    
0     00008950  SCIB_RX_ISR                    
0     0000895a  SCIB_TX_ISR                    
0     00008964  SCIC_RX_ISR                    
0     0000896e  SCIC_TX_ISR                    
0     00008978  SPIA_RX_ISR                    
0     00008982  SPIA_TX_ISR                    
0     0000898c  SYS_ERR_ISR                    
0     00008585  SetVREF                        
0     00008a68  SysIntOsc1Sel                  
0     00008a8a  SysIntOsc2Sel                  
0     0000873c  SysXtalOscSESel                
0     00008662  SysXtalOscSel                  
0     00008996  TIMER0_ISR                     
0     000089a0  TIMER1_ISR                     
0     000089aa  TIMER2_ISR                     
0     000089b4  USER10_ISR                     
0     000089be  USER11_ISR                     
0     000089c8  USER12_ISR                     
0     000089d2  USER1_ISR                      
0     000089dc  USER2_ISR                      
0     000089e6  USER3_ISR                      
0     000089f0  USER4_ISR                      
0     000089fa  USER5_ISR                      
0     00008a04  USER6_ISR                      
0     00008a0e  USER7_ISR                      
0     00008a18  USER8_ISR                      
0     00008a22  USER9_ISR                      
0     00008a2c  WAKE_ISR                       
1     00007000  WdRegs                         
0     00008a36  XINT1_ISR                      
0     00008a40  XINT2_ISR                      
0     00008a4a  XINT3_ISR                      
0     00008a54  XINT4_ISR                      
0     00008a5e  XINT5_ISR                      
0     00000142  __TI_CINIT_Base                
0     0000014e  __TI_CINIT_Limit               
0     0000014e  __TI_CINIT_Warm                
0     00000134  __TI_Handler_Table_Base        
0     0000013a  __TI_Handler_Table_Limit       
0     00000600  __TI_STACK_END                 
abs   00000200  __TI_STACK_SIZE                
0     000085e9  __TI_auto_init_nobinit_nopinit 
0     00008204  __TI_cleanup_ptr               
0     000085b9  __TI_decompress_lzss           
0     00008a7a  __TI_decompress_none           
0     00008206  __TI_dtors_ptr                 
0     00008202  __TI_enable_exit_profile_output
abs   ffffffff  __TI_pprof_out_hndl            
abs   ffffffff  __TI_prof_data_size            
abs   ffffffff  __TI_prof_data_start           
0     0000877f  __TI_zero_init_nomemset        
0     00008387  __c28xabi_divf                 
n/a   UNDEFED   __c_args__                     
0     00000400  __stack                        
0     0000878c  _args_main                     
0     0000870f  _c_int00                       
0     00008208  _lock                          
0     00008a79  _nop                           
0     00008a75  _register_lock                 
0     00008a71  _register_unlock               
0     00008a93  _system_post_cinit             
0     00008a91  _system_pre_init               
0     0000820a  _unlock                        
0     00008614  abort                          
0     00008550  adcA1ISR                       
0     00008100  adcAResults                    
0     00008201  bufferFull                     
0     00000000  code_start                     
0     00008616  exit                           
0     00008200  index                          
0     00008726  initADC                        
0     000086d9  initADCSOC                     
0     000086f4  initEPWM                       
0     0000847f  main                           
0     000086a1  memcpy                         


GLOBAL SYMBOLS: SORTED BY Symbol Address 

page  address   name                           
----  -------   ----                           
0     00000000  code_start                     
0     00000128  F28x_usDelay                   
0     00000134  __TI_Handler_Table_Base        
0     0000013a  __TI_Handler_Table_Limit       
0     00000142  __TI_CINIT_Base                
0     0000014e  __TI_CINIT_Limit               
0     0000014e  __TI_CINIT_Warm                
0     00000400  __stack                        
0     00000600  __TI_STACK_END                 
0     00008000  PieVectTableInit               
0     00008100  adcAResults                    
0     00008200  index                          
0     00008201  bufferFull                     
0     00008202  __TI_enable_exit_profile_output
0     00008204  __TI_cleanup_ptr               
0     00008206  __TI_dtors_ptr                 
0     00008208  _lock                          
0     0000820a  _unlock                        
0     0000820c  InitSysPll                     
0     000082f2  IsPLLValid                     
0     00008387  __c28xabi_divf                 
0     0000840f  ComputeCntrSeedValue           
0     0000847f  main                           
0     000084d0  InitPeripheralClocks           
0     00008513  InitGpio                       
0     00008550  adcA1ISR                       
0     00008585  SetVREF                        
0     000085b9  __TI_decompress_lzss           
0     000085e9  __TI_auto_init_nobinit_nopinit 
0     00008614  C$$EXIT                        
0     00008614  abort                          
0     00008616  exit                           
0     0000863d  InitPieVectTable               
0     00008662  SysXtalOscSel                  
0     00008682  InitPieCtrl                    
0     000086a1  memcpy                         
0     000086d9  initADCSOC                     
0     000086f4  initEPWM                       
0     0000870f  _c_int00                       
0     00008726  initADC                        
0     0000873c  SysXtalOscSESel                
0     00008751  InitSysCtrl                    
0     00008765  DisableDog                     
0     00008772  EMPTY_ISR                      
0     0000877f  __TI_zero_init_nomemset        
0     0000878c  _args_main                     
0     00008798  ADCA1_ISR                      
0     000087a2  ADCA2_ISR                      
0     000087ac  ADCA3_ISR                      
0     000087b6  ADCA4_ISR                      
0     000087c0  ADCA_EVT_ISR                   
0     000087ca  ADCC1_ISR                      
0     000087d4  ADCC2_ISR                      
0     000087de  ADCC3_ISR                      
0     000087e8  ADCC4_ISR                      
0     000087f2  ADCC_EVT_ISR                   
0     000087fc  CANA0_ISR                      
0     00008806  CANA1_ISR                      
0     00008810  DATALOG_ISR                    
0     0000881a  DCC0_ISR                       
0     00008824  ECAP1_ISR                      
0     0000882e  ECAP2_ISR                      
0     00008838  EMU_ISR                        
0     00008842  EPWM1_ISR                      
0     0000884c  EPWM1_TZ_ISR                   
0     00008856  EPWM2_ISR                      
0     00008860  EPWM2_TZ_ISR                   
0     0000886a  EPWM3_ISR                      
0     00008874  EPWM3_TZ_ISR                   
0     0000887e  EPWM4_ISR                      
0     00008888  EPWM4_TZ_ISR                   
0     00008892  EPWM5_ISR                      
0     0000889c  EPWM5_TZ_ISR                   
0     000088a6  EPWM6_ISR                      
0     000088b0  EPWM6_TZ_ISR                   
0     000088ba  EPWM7_ISR                      
0     000088c4  EPWM7_TZ_ISR                   
0     000088ce  EQEP1_ISR                      
0     000088d8  FLSS_ISR                       
0     000088e2  I2CA_FIFO_ISR                  
0     000088ec  I2CA_ISR                       
0     000088f6  I2CB_FIFO_ISR                  
0     00008900  I2CB_ISR                       
0     0000890a  ILLEGAL_ISR                    
0     00008914  NMI_ISR                        
0     0000891e  NOTUSED_ISR                    
0     00008928  PIE_RESERVED_ISR               
0     00008932  RTOS_ISR                       
0     0000893c  SCIA_RX_ISR                    
0     00008946  SCIA_TX_ISR                    
0     00008950  SCIB_RX_ISR                    
0     0000895a  SCIB_TX_ISR                    
0     00008964  SCIC_RX_ISR                    
0     0000896e  SCIC_TX_ISR                    
0     00008978  SPIA_RX_ISR                    
0     00008982  SPIA_TX_ISR                    
0     0000898c  SYS_ERR_ISR                    
0     00008996  TIMER0_ISR                     
0     000089a0  TIMER1_ISR                     
0     000089aa  TIMER2_ISR                     
0     000089b4  USER10_ISR                     
0     000089be  USER11_ISR                     
0     000089c8  USER12_ISR                     
0     000089d2  USER1_ISR                      
0     000089dc  USER2_ISR                      
0     000089e6  USER3_ISR                      
0     000089f0  USER4_ISR                      
0     000089fa  USER5_ISR                      
0     00008a04  USER6_ISR                      
0     00008a0e  USER7_ISR                      
0     00008a18  USER8_ISR                      
0     00008a22  USER9_ISR                      
0     00008a2c  WAKE_ISR                       
0     00008a36  XINT1_ISR                      
0     00008a40  XINT2_ISR                      
0     00008a4a  XINT3_ISR                      
0     00008a54  XINT4_ISR                      
0     00008a5e  XINT5_ISR                      
0     00008a68  SysIntOsc1Sel                  
0     00008a71  _register_unlock               
0     00008a75  _register_lock                 
0     00008a79  _nop                           
0     00008a7a  __TI_decompress_none           
0     00008a8a  SysIntOsc2Sel                  
0     00008a91  _system_pre_init               
0     00008a93  _system_post_cinit             
1     00000b00  AdcaResultRegs                 
1     00000ce0  PieCtrlRegs                    
1     00000d00  PieVectTable                   
1     00004000  EPwm1Regs                      
1     00007000  WdRegs                         
1     00007400  AdcaRegs                       
1     00007500  AdccRegs                       
1     00007c00  GpioCtrlRegs                   
1     00007f00  GpioDataRegs                   
1     0005d200  ClkCfgRegs                     
1     0005d300  CpuSysRegs                     
1     0005d700  AnalogSubsysRegs               
1     0005e700  Dcc0Regs                       
abs   00000200  __TI_STACK_SIZE                
abs   ffffffff  __TI_pprof_out_hndl            
abs   ffffffff  __TI_prof_data_size            
abs   ffffffff  __TI_prof_data_start           
n/a   UNDEFED   __c_args__                     

[144 symbols]
